00:00 +0: loading D:/study/college/gradution_project/Seasonal-job-matching-platform-/test/screens/home_screen_test.dart
00:00 +0: HomeScreen shows loading indicator initially
RecommendedValue: AsyncLoading<RecommendedJobsResponse>()
00:00 +1: HomeScreen shows recommended jobs when data is loaded
MockRecommendedJobsNotifier build called
RecommendedValue: AsyncData<RecommendedJobsResponse>(value: RecommendedJobsResponse(count: 1, jobs: [JobModel(title: Software Engineer, description: Great job, id: 1, type: FULL_TIME, location: Remote, startDate: 2025-01-01, amount: 1000.0, salary: MONTHLY, duration: null, status: OPEN, numOfPositions: 1, workArrangement: null, jobposterId: 1, jobposterName: Google, createdAt: null, requirements: [], categories: [], benefits: [])]))
Building RecommendedJobsCarousel
RecommendedValue: AsyncData<RecommendedJobsResponse>(value: RecommendedJobsResponse(count: 1, jobs: [JobModel(title: Software Engineer, description: Great job, id: 1, type: FULL_TIME, location: Remote, startDate: 2025-01-01, amount: 1000.0, salary: MONTHLY, duration: null, status: OPEN, numOfPositions: 1, workArrangement: null, jobposterId: 1, jobposterName: Google, createdAt: null, requirements: [], categories: [], benefits: [])]))
Building RecommendedJobsCarousel
ÔòÉÔòÉÔòí EXCEPTION CAUGHT BY FLUTTER TEST FRAMEWORK Ôò×ÔòÉÔòÉÔòÉÔòÉÔòÉÔòÉÔòÉÔòÉÔòÉÔòÉÔòÉÔòÉÔòÉÔòÉÔòÉÔòÉÔòÉÔòÉÔòÉÔòÉÔòÉÔòÉÔòÉÔòÉÔòÉÔòÉÔòÉÔòÉÔòÉÔòÉÔòÉÔòÉÔòÉÔòÉÔòÉÔòÉÔòÉÔòÉÔòÉÔòÉÔòÉÔòÉÔòÉÔòÉÔòÉÔòÉÔòÉÔòÉÔòÉÔòÉÔòÉÔòÉ
The following TestFailure was thrown running a test:
Expected: exactly one matching candidate
  Actual: _TextWidgetFinder:<Found 0 widgets with text "Favorite Jobs": []>
   Which: means none were found but one was expected

When the exception was thrown, this was the stack:
#4      main.<anonymous closure> (file:///D:/study/college/gradution_project/Seasonal-job-matching-platform-/test/screens/home_screen_test.dart:79:5)
<asynchronous suspension>
#5      testWidgets.<anonymous closure>.<anonymous closure> (package:flutter_test/src/widget_tester.dart:192:15)
<asynchronous suspension>
#6      TestWidgetsFlutterBinding._runTestBody (package:flutter_test/src/binding.dart:1059:5)
<asynchronous suspension>
<asynchronous suspension>
(elided one frame from package:stack_trace)

This was caught by the test expectation on the following line:
  file:///D:/study/college/gradution_project/Seasonal-job-matching-platform-/test/screens/home_screen_test.dart line 79
The test description was:
  HomeScreen shows recommended jobs when data is loaded
ÔòÉÔòÉÔòÉÔòÉÔòÉÔòÉÔòÉÔòÉÔòÉÔòÉÔòÉÔòÉÔòÉÔòÉÔòÉÔòÉÔòÉÔòÉÔòÉÔòÉÔòÉÔòÉÔòÉÔòÉÔòÉÔòÉÔòÉÔòÉÔòÉÔòÉÔòÉÔòÉÔòÉÔòÉÔòÉÔòÉÔòÉÔòÉÔòÉÔòÉÔòÉÔòÉÔòÉÔòÉÔòÉÔòÉÔòÉÔòÉÔòÉÔòÉÔòÉÔòÉÔòÉÔòÉÔòÉÔòÉÔòÉÔòÉÔòÉÔòÉÔòÉÔòÉÔòÉÔòÉÔòÉÔòÉÔòÉÔòÉÔòÉÔòÉÔòÉÔòÉÔòÉÔòÉÔòÉÔòÉÔòÉÔòÉÔòÉÔòÉÔòÉÔòÉÔòÉÔòÉÔòÉÔòÉÔòÉÔòÉÔòÉÔòÉÔòÉÔòÉÔòÉÔòÉÔòÉÔòÉÔòÉÔòÉÔòÉÔòÉ
00:01 +1 -1: HomeScreen shows recommended jobs when data is loaded [E]
  Test failed. See exception logs above.
  The test description was: HomeScreen shows recommended jobs when data is loaded
  
00:01 +1 -1: HomeScreen shows empty state when no jobs found
MockRecommendedJobsNotifier build called
RecommendedValue: AsyncData<RecommendedJobsResponse>(value: RecommendedJobsResponse(count: 0, jobs: []))
RecommendedValue: AsyncData<RecommendedJobsResponse>(value: RecommendedJobsResponse(count: 0, jobs: []))
00:01 +2 -1: HomeScreen shows error message on failure
MockRecommendedJobsNotifier build called
RecommendedValue: AsyncLoading<RecommendedJobsResponse>(error: Network Error, stackTrace: #0      MockRecommendedJobsNotifier.build (file:///D:/study/college/gradution_project/Seasonal-job-matching-platform-/test/screens/home_screen_test.dart:161:7)
#1      AsyncNotifier.runBuild (package:riverpod/src/providers/async_notifier/orphan.dart:38:21)
#2      $ClassProviderElement.create (package:riverpod/src/core/provider/notifier_provider.dart:561:26)
#3      ProviderElement.buildState (package:riverpod/src/core/element.dart:665:28)
#4      ProviderElement.mount (package:riverpod/src/core/element.dart:517:7)
#5      ProviderElement.flush (package:riverpod/src/core/element.dart:620:7)
#6      $ProviderBaseImpl._addListener (package:riverpod/src/core/provider/provider.dart:117:24)
#7      ProviderContainer.listen (package:riverpod/src/core/provider_container.dart:954:26)
#8      ConsumerStatefulElement.watch.<anonymous closure> (package:flutter_riverpod/src/core/consumer.dart:451:37)
#9      _LinkedHashMapMixin.putIfAbsent (dart:_compact_hash:674:23)
#10     ConsumerStatefulElement.watch (package:flutter_riverpod/src/core/consumer.dart:444:14)
#11     _HomeScreenState.build (package:job_seeker/screens/home_screen.dart:19:34)
#12     StatefulElement.build (package:flutter/src/widgets/framework.dart:5833:27)
#13     ConsumerStatefulElement.build (package:flutter_riverpod/src/core/consumer.dart:421:20)
#14     ComponentElement.performRebuild (package:flutter/src/widgets/framework.dart:5723:15)
#15     StatefulElement.performRebuild (package:flutter/src/widgets/framework.dart:5884:11)
#16     Element.rebuild (package:flutter/src/widgets/framework.dart:5435:7)
#17     ComponentElement._firstBuild (package:flutter/src/widgets/framework.dart:5705:5)
#18     StatefulElement._firstBuild (package:flutter/src/widgets/framework.dart:5875:11)
#19     ComponentElement.mount (package:flutter/src/widgets/framework.dart:5699:5)
#20     Element.inflateWidget (package:flutter/src/widgets/framework.dart:4548:16)
#21     Element.updateChild (package:flutter/src/widgets/framework.dart:4004:18)
#22     SingleChildRenderObjectElement.mount (package:flutter/src/widgets/framework.dart:7018:14)
#23     Element.inflateWidget (package:flutter/src/widgets/framework.dart:4548:16)
#24     Element.updateChild (package:flutter/src/widgets/framework.dart:4004:18)
#25     ComponentElement.performRebuild (package:flutter/src/widgets/framework.dart:5747:16)
#26     Element.rebuild (package:flutter/src/widgets/framework.dart:5435:7)
#27     ComponentElement._firstBuild (package:flutter/src/widgets/framework.dart:5705:5)
#28     ComponentElement.mount (package:flutter/src/widgets/framework.dart:5699:5)
#29     Element.inflateWidget (package:flutter/src/widgets/framework.dart:4548:16)
#30     Element.updateChild (package:flutter/src/widgets/framework.dart:4004:18)
#31     SingleChildRenderObjectElement.mount (package:flutter/src/widgets/framework.dart:7018:14)
#32     Element.inflateWidget (package:flutter/src/widgets/framework.dart:4548:16)
#33     Element.updateChild (package:flutter/src/widgets/framework.dart:4004:18)
#34     SingleChildRenderObjectElement.mount (package:flutter/src/widgets/framework.dart:7018:14)
#35     Element.inflateWidget (package:flutter/src/widgets/framework.dart:4548:16)
#36     Element.updateChild (package:flutter/src/widgets/framework.dart:4004:18)
#37     ComponentElement.performRebuild (package:flutter/src/widgets/framework.dart:5747:16)
#38     StatefulElement.performRebuild (package:flutter/src/widgets/framework.dart:5884:11)
#39     Element.rebuild (package:flutter/src/widgets/framework.dart:5435:7)
#40     ComponentElement._firstBuild (package:flutter/src/widgets/framework.dart:5705:5)
#41     StatefulElement._firstBuild (package:flutter/src/widgets/framework.dart:5875:11)
#42     ComponentElement.mount (package:flutter/src/widgets/framework.dart:5699:5)
#43     Element.inflateWidget (package:flutter/src/widgets/framework.dart:4548:16)
#44     Element.updateChild (package:flutter/src/widgets/framework.dart:4004:18)
#45     SingleChildRenderObjectElement.mount (package:flutter/src/widgets/framework.dart:7018:14)
#46     Element.inflateWidget (package:flutter/src/widgets/framework.dart:4548:16)
#47     Element.updateChild (package:flutter/src/widgets/framework.dart:4004:18)
#48     ComponentElement.performRebuild (package:flutter/src/widgets/framework.dart:5747:16)
#49     StatefulElement.performRebuild (package:flutter/src/widgets/framework.dart:5884:11)
#50     Element.rebuild (package:flutter/src/widgets/framework.dart:5435:7)
#51     ComponentElement._firstBuild (package:flutter/src/widgets/framework.dart:5705:5)
#52     StatefulElement._firstBuild (package:flutter/src/widgets/framework.dart:5875:11)
#53     ComponentElement.mount (package:flutter/src/widgets/framework.dart:5699:5)
#54     Element.inflateWidget (package:flutter/src/widgets/framework.dart:4548:16)
#55     Element.updateChild (package:flutter/src/widgets/framework.dart:4004:18)
#56     SingleChildRenderObjectElement.mount (package:flutter/src/widgets/framework.dart:7018:14)
#57     Element.inflateWidget (package:flutter/src/widgets/framework.dart:4548:16)
#58     Element.updateChild (package:flutter/src/widgets/framework.dart:4004:18)
#59     ComponentElement.performRebuild (package:flutter/src/widgets/framework.dart:5747:16)
#60     StatefulElement.performRebuild (package:flutter/src/widgets/framework.dart:5884:11)
#61     Element.rebuild (package:flutter/src/widgets/framework.dart:5435:7)
#62     ComponentElement._firstBuild (package:flutter/src/widgets/framework.dart:5705:5)
#63     StatefulElement._firstBuild (package:flutter/src/widgets/framework.dart:5875:11)
#64     ComponentElement.mount (package:flutter/src/widgets/framework.dart:5699:5)
#65     Element.inflateWidget (package:flutter/src/widgets/framework.dart:4548:16)
#66     Element.updateChild (package:flutter/src/widgets/framework.dart:4004:18)
#67     ComponentElement.performRebuild (package:flutter/src/widgets/framework.dart:5747:16)
#68     StatefulElement.performRebuild (package:flutter/src/widgets/framework.dart:5884:11)
#69     Element.rebuild (package:flutter/src/widgets/framework.dart:5435:7)
#70     ComponentElement._firstBuild (package:flutter/src/widgets/framework.dart:5705:5)
#71     StatefulElement._firstBuild (package:flutter/src/widgets/framework.dart:5875:11)
#72     ComponentElement.mount (package:flutter/src/widgets/framework.dart:5699:5)
#73     Element.inflateWidget (package:flutter/src/widgets/framework.dart:4548:16)
#74     Element.updateChild (package:flutter/src/widgets/framework.dart:4004:18)
#75     SingleChildRenderObjectElement.mount (package:flutter/src/widgets/framework.dart:7018:14)
#76     Element.inflateWidget (package:flutter/src/widgets/framework.dart:4548:16)
#77     Element.updateChild (package:flutter/src/widgets/framework.dart:4004:18)
#78     ComponentElement.performRebuild (package:flutter/src/widgets/framework.dart:5747:16)
#79     StatefulElement.performRebuild (package:flutter/src/widgets/framework.dart:5884:11)
#80     Element.rebuild (package:flutter/src/widgets/framework.dart:5435:7)
#81     ComponentElement._firstBuild (package:flutter/src/widgets/framework.dart:5705:5)
#82     StatefulElement._firstBuild (package:flutter/src/widgets/framework.dart:5875:11)
#83     ComponentElement.mount (package:flutter/src/widgets/framework.dart:5699:5)
#84     Element.inflateWidget (package:flutter/src/widgets/framework.dart:4548:16)
#85     Element.updateChild (package:flutter/src/widgets/framework.dart:4004:18)
#86     SingleChildRenderObjectElement.mount (package:flutter/src/widgets/framework.dart:7018:14)
#87     Element.inflateWidget (package:flutter/src/widgets/framework.dart:4548:16)
#88     Element.updateChild (package:flutter/src/widgets/framework.dart:4004:18)
#89     ComponentElement.performRebuild (package:flutter/src/widgets/framework.dart:5747:16)
#90     StatefulElement.performRebuild (package:flutter/src/widgets/framework.dart:5884:11)
#91     Element.rebuild (package:flutter/src/widgets/framework.dart:5435:7)
#92     ComponentElement._firstBuild (package:flutter/src/widgets/framework.dart:5705:5)
#93     StatefulElement._firstBuild (package:flutter/src/widgets/framework.dart:5875:11)
#94     ComponentElement.mount (package:flutter/src/widgets/framework.dart:5699:5)
#95     Element.inflateWidget (package:flutter/src/widgets/framework.dart:4548:16)
#96     Element.updateChild (package:flutter/src/widgets/framework.dart:4004:18)
#97     ComponentElement.performRebuild (package:flutter/src/widgets/framework.dart:5747:16)
#98     StatefulElement.performRebuild (package:flutter/src/widgets/framework.dart:5884:11)
#99     Element.rebuild (package:flutter/src/widgets/framework.dart:5435:7)
#100    ComponentElement._firstBuild (package:flutter/src/widgets/framework.dart:5705:5)
#101    StatefulElement._firstBuild (package:flutter/src/widgets/framework.dart:5875:11)
#102    ComponentElement.mount (package:flutter/src/widgets/framework.dart:5699:5)
#103    Element.inflateWidget (package:flutter/src/widgets/framework.dart:4548:16)
#104    Element.updateChild (package:flutter/src/widgets/framework.dart:4004:18)
#105    ComponentElement.performRebuild (package:flutter/src/widgets/framework.dart:5747:16)
#106    Element.rebuild (package:flutter/src/widgets/framework.dart:5435:7)
#107    ComponentElement._firstBuild (package:flutter/src/widgets/framework.dart:5705:5)
#108    ComponentElement.mount (package:flutter/src/widgets/framework.dart:5699:5)
#109    Element.inflateWidget (package:flutter/src/widgets/framework.dart:4548:16)
#110    Element.updateChild (package:flutter/src/widgets/framework.dart:4004:18)
#111    ComponentElement.performRebuild (package:flutter/src/widgets/framework.dart:5747:16)
#112    StatefulElement.performRebuild (package:flutter/src/widgets/framework.dart:5884:11)
#113    Element.rebuild (package:flutter/src/widgets/framework.dart:5435:7)
#114    ComponentElement._firstBuild (package:flutter/src/widgets/framework.dart:5705:5)
#115    StatefulElement._firstBuild (package:flutter/src/widgets/framework.dart:5875:11)
#116    ComponentElement.mount (package:flutter/src/widgets/framework.dart:5699:5)
#117    Element.inflateWidget (package:flutter/src/widgets/framework.dart:4548:16)
#118    Element.updateChild (package:flutter/src/widgets/framework.dart:4004:18)
#119    ComponentElement.performRebuild (package:flutter/src/widgets/framework.dart:5747:16)
#120    StatefulElement.performRebuild (package:flutter/src/widgets/framework.dart:5884:11)
#121    Element.rebuild (package:flutter/src/widgets/framework.dart:5435:7)
#122    ComponentElement._firstBuild (package:flutter/src/widgets/framework.dart:5705:5)
#123    StatefulElement._firstBuild (package:flutter/src/widgets/framework.dart:5875:11)
#124    ComponentElement.mount (package:flutter/src/widgets/framework.dart:5699:5)
#125    Element.inflateWidget (package:flutter/src/widgets/framework.dart:4548:16)
#126    Element.updateChild (package:flutter/src/widgets/framework.dart:4004:18)
#127    SingleChildRenderObjectElement.mount (package:flutter/src/widgets/framework.dart:7018:14)
#128    Element.inflateWidget (package:flutter/src/widgets/framework.dart:4548:16)
#129    Element.updateChild (package:flutter/src/widgets/framework.dart:4004:18)
#130    ComponentElement.performRebuild (package:flutter/src/widgets/framework.dart:5747:16)
#131    Element.rebuild (package:flutter/src/widgets/framework.dart:5435:7)
#132    ComponentElement._firstBuild (package:flutter/src/widgets/framework.dart:5705:5)
#133    ComponentElement.mount (package:flutter/src/widgets/framework.dart:5699:5)
#134    Element.inflateWidget (package:flutter/src/widgets/framework.dart:4548:16)
#135    Element.updateChild (package:flutter/src/widgets/framework.dart:4004:18)
#136    SingleChildRenderObjectElement.mount (package:flutter/src/widgets/framework.dart:7018:14)
#137    Element.inflateWidget (package:flutter/src/widgets/framework.dart:4548:16)
#138    Element.updateChild (package:flutter/src/widgets/framework.dart:4004:18)
#139    ComponentElement.performRebuild (package:flutter/src/widgets/framework.dart:5747:16)
#140    StatefulElement.performRebuild (package:flutter/src/widgets/framework.dart:5884:11)
#141    Element.rebuild (package:flutter/src/widgets/framework.dart:5435:7)
#142    ComponentElement._firstBuild (package:flutter/src/widgets/framework.dart:5705:5)
#143    StatefulElement._firstBuild (package:flutter/src/widgets/framework.dart:5875:11)
#144    ComponentElement.mount (package:flutter/src/widgets/framework.dart:5699:5)
#145    Element.inflateWidget (package:flutter/src/widgets/framework.dart:4548:16)
#146    Element.updateChild (package:flutter/src/widgets/framework.dart:4004:18)
#147    ComponentElement.performRebuild (package:flutter/src/widgets/framework.dart:5747:16)
#148    Element.rebuild (package:flutter/src/widgets/framework.dart:5435:7)
#149    ComponentElement._firstBuild (package:flutter/src/widgets/framework.dart:5705:5)
#150    ComponentElement.mount (package:flutter/src/widgets/framework.dart:5699:5)
#151    Element.inflateWidget (package:flutter/src/widgets/framework.dart:4548:16)
#152    Element.updateChild (package:flutter/src/widgets/framework.dart:4004:18)
#153    ComponentElement.performRebuild (package:flutter/src/widgets/framework.dart:5747:16)
#154    Element.rebuild (package:flutter/src/widgets/framework.dart:5435:7)
#155    ComponentElement._firstBuild (package:flutter/src/widgets/framework.dart:5705:5)
#156    ComponentElement.mount (package:flutter/src/widgets/framework.dart:5699:5)
#157    Element.inflateWidget (package:flutter/src/widgets/framework.dart:4548:16)
#158    Element.updateChild (package:flutter/src/widgets/framework.dart:4004:18)
#159    ComponentElement.performRebuild (package:flutter/src/widgets/framework.dart:5747:16)
#160    StatefulElement.performRebuild (package:flutter/src/widgets/framework.dart:5884:11)
#161    Element.rebuild (package:flutter/src/widgets/framework.dart:5435:7)
#162    ComponentElement._firstBuild (package:flutter/src/widgets/framework.dart:5705:5)
#163    StatefulElement._firstBuild (package:flutter/src/widgets/framework.dart:5875:11)
#164    ComponentElement.mount (package:flutter/src/widgets/framework.dart:5699:5)
#165    Element.inflateWidget (package:flutter/src/widgets/framework.dart:4548:16)
#166    Element.updateChild (package:flutter/src/widgets/framework.dart:4004:18)
#167    ComponentElement.performRebuild (package:flutter/src/widgets/framework.dart:5747:16)
#168    Element.rebuild (package:flutter/src/widgets/framework.dart:5435:7)
#169    ComponentElement._firstBuild (package:flutter/src/widgets/framework.dart:5705:5)
#170    ComponentElement.mount (package:flutter/src/widgets/framework.dart:5699:5)
#171    Element.inflateWidget (package:flutter/src/widgets/framework.dart:4548:16)
#172    Element.updateChild (package:flutter/src/widgets/framework.dart:4004:18)
#173    ComponentElement.performRebuild (package:flutter/src/widgets/framework.dart:5747:16)
#174    Element.rebuild (package:flutter/src/widgets/framework.dart:5435:7)
#175    ComponentElement._firstBuild (package:flutter/src/widgets/framework.dart:5705:5)
#176    ComponentElement.mount (package:flutter/src/widgets/framework.dart:5699:5)
#177    Element.inflateWidget (package:flutter/src/widgets/framework.dart:4548:16)
#178    Element.updateChild (package:flutter/src/widgets/framework.dart:4004:18)
#179    SingleChildRenderObjectElement.mount (package:flutter/src/widgets/framework.dart:7018:14)
#180    Element.inflateWidget (package:flutter/src/widgets/framework.dart:4548:16)
#181    Element.updateChild (package:flutter/src/widgets/framework.dart:4004:18)
#182    ComponentElement.performRebuild (package:flutter/src/widgets/framework.dart:5747:16)
#183    Element.rebuild (package:flutter/src/widgets/framework.dart:5435:7)
#184    ComponentElement._firstBuild (package:flutter/src/widgets/framework.dart:5705:5)
#185    ComponentElement.mount (package:flutter/src/widgets/framework.dart:5699:5)
#186    Element.inflateWidget (package:flutter/src/widgets/framework.dart:4548:16)
#187    Element.updateChild (package:flutter/src/widgets/framework.dart:4004:18)
#188    ComponentElement.performRebuild (package:flutter/src/widgets/framework.dart:5747:16)
#189    Element.rebuild (package:flutter/src/widgets/framework.dart:5435:7)
#190    ComponentElement._firstBuild (package:flutter/src/widgets/framework.dart:5705:5)
#191    ComponentElement.mount (package:flutter/src/widgets/framework.dart:5699:5)
#192    Element.inflateWidget (package:flutter/src/widgets/framework.dart:4548:16)
#193    Element.updateChild (package:flutter/src/widgets/framework.dart:4004:18)
#194    ComponentElement.performRebuild (package:flutter/src/widgets/framework.dart:5747:16)
#195    StatefulElement.performRebuild (package:flutter/src/widgets/framework.dart:5884:11)
#196    Element.rebuild (package:flutter/src/widgets/framework.dart:5435:7)
#197    ComponentElement._firstBuild (package:flutter/src/widgets/framework.dart:5705:5)
#198    StatefulElement._firstBuild (package:flutter/src/widgets/framework.dart:5875:11)
#199    ComponentElement.mount (package:flutter/src/widgets/framework.dart:5699:5)
#200    Element.inflateWidget (package:flutter/src/widgets/framework.dart:4548:16)
#201    Element.updateChild (package:flutter/src/widgets/framework.dart:4004:18)
#202    ComponentElement.performRebuild (package:flutter/src/widgets/framework.dart:5747:16)
#203    StatefulElement.performRebuild (package:flutter/src/widgets/framework.dart:5884:11)
#204    Element.rebuild (package:flutter/src/widgets/framework.dart:5435:7)
#205    ComponentElement._firstBuild (package:flutter/src/widgets/framework.dart:5705:5)
#206    StatefulElement._firstBuild (package:flutter/src/widgets/framework.dart:5875:11)
#207    ComponentElement.mount (package:flutter/src/widgets/framework.dart:5699:5)
#208    Element.inflateWidget (package:flutter/src/widgets/framework.dart:4548:16)
#209    Element.updateChild (package:flutter/src/widgets/framework.dart:4004:18)
#210    ComponentElement.performRebuild (package:flutter/src/widgets/framework.dart:5747:16)
#211    StatefulElement.performRebuild (package:flutter/src/widgets/framework.dart:5884:11)
#212    Element.rebuild (package:flutter/src/widgets/framework.dart:5435:7)
#213    ComponentElement._firstBuild (package:flutter/src/widgets/framework.dart:5705:5)
#214    StatefulElement._firstBuild (package:flutter/src/widgets/framework.dart:5875:11)
#215    ComponentElement.mount (package:flutter/src/widgets/framework.dart:5699:5)
#216    Element.inflateWidget (package:flutter/src/widgets/framework.dart:4548:16)
#217    Element.updateChild (package:flutter/src/widgets/framework.dart:4004:18)
#218    SingleChildRenderObjectElement.mount (package:flutter/src/widgets/framework.dart:7018:14)
#219    Element.inflateWidget (package:flutter/src/widgets/framework.dart:4548:16)
#220    Element.updateChild (package:flutter/src/widgets/framework.dart:4004:18)
#221    ComponentElement.performRebuild (package:flutter/src/widgets/framework.dart:5747:16)
#222    Element.rebuild (package:flutter/src/widgets/framework.dart:5435:7)
#223    ComponentElement._firstBuild (package:flutter/src/widgets/framework.dart:5705:5)
#224    ComponentElement.mount (package:flutter/src/widgets/framework.dart:5699:5)
#225    Element.inflateWidget (package:flutter/src/widgets/framework.dart:4548:16)
#226    Element.updateChild (package:flutter/src/widgets/framework.dart:4004:18)
#227    ComponentElement.performRebuild (package:flutter/src/widgets/framework.dart:5747:16)
#228    Element.rebuild (package:flutter/src/widgets/framework.dart:5435:7)
#229    ComponentElement._firstBuild (package:flutter/src/widgets/framework.dart:5705:5)
#230    ComponentElement.mount (package:flutter/src/widgets/framework.dart:5699:5)
#231    Element.inflateWidget (package:flutter/src/widgets/framework.dart:4548:16)
#232    Element.updateChild (package:flutter/src/widgets/framework.dart:4004:18)
#233    ComponentElement.performRebuild (package:flutter/src/widgets/framework.dart:5747:16)
#234    StatefulElement.performRebuild (package:flutter/src/widgets/framework.dart:5884:11)
#235    Element.rebuild (package:flutter/src/widgets/framework.dart:5435:7)
#236    ComponentElement._firstBuild (package:flutter/src/widgets/framework.dart:5705:5)
#237    StatefulElement._firstBuild (package:flutter/src/widgets/framework.dart:5875:11)
#238    ComponentElement.mount (package:flutter/src/widgets/framework.dart:5699:5)
#239    Element.inflateWidget (package:flutter/src/widgets/framework.dart:4548:16)
#240    Element.updateChild (package:flutter/src/widgets/framework.dart:4004:18)
#241    ComponentElement.performRebuild (package:flutter/src/widgets/framework.dart:5747:16)
#242    StatefulElement.performRebuild (package:flutter/src/widgets/framework.dart:5884:11)
#243    Element.rebuild (package:flutter/src/widgets/framework.dart:5435:7)
#244    ComponentElement._firstBuild (package:flutter/src/widgets/framework.dart:5705:5)
#245    StatefulElement._firstBuild (package:flutter/src/widgets/framework.dart:5875:11)
#246    ComponentElement.mount (package:flutter/src/widgets/framework.dart:5699:5)
#247    Element.inflateWidget (package:flutter/src/widgets/framework.dart:4548:16)
#248    MultiChildRenderObjectElement.inflateWidget (package:flutter/src/widgets/framework.dart:7169:36)
#249    MultiChildRenderObjectElement.mount (package:flutter/src/widgets/framework.dart:7185:32)
#250    Element.inflateWidget (package:flutter/src/widgets/framework.dart:4548:16)
#251    Element.updateChild (package:flutter/src/widgets/framework.dart:4004:18)
#252    ComponentElement.performRebuild (package:flutter/src/widgets/framework.dart:5747:16)
#253    StatefulElement.performRebuild (package:flutter/src/widgets/framework.dart:5884:11)
#254    Element.rebuild (package:flutter/src/widgets/framework.dart:5435:7)
#255    ComponentElement._firstBuild (package:flutter/src/widgets/framework.dart:5705:5)
#256    StatefulElement._firstBuild (package:flutter/src/widgets/framework.dart:5875:11)
#257    ComponentElement.mount (package:flutter/src/widgets/framework.dart:5699:5)
#258    Element.inflateWidget (package:flutter/src/widgets/framework.dart:4548:16)
#259    Element.updateChild (package:flutter/src/widgets/framework.dart:4004:18)
#260    ComponentElement.performRebuild (package:flutter/src/widgets/framework.dart:5747:16)
#261    Element.rebuild (package:flutter/src/widgets/framework.dart:5435:7)
#262    ComponentElement._firstBuild (package:flutter/src/widgets/framework.dart:5705:5)
#263    ComponentElement.mount (package:flutter/src/widgets/framework.dart:5699:5)
#264    Element.inflateWidget (package:flutter/src/widgets/framework.dart:4548:16)
#265    Element.updateChild (package:flutter/src/widgets/framework.dart:4004:18)
#266    ComponentElement.performRebuild (package:flutter/src/widgets/framework.dart:5747:16)
#267    Element.rebuild (package:flutter/src/widgets/framework.dart:5435:7)
#268    ComponentElement._firstBuild (package:flutter/src/widgets/framework.dart:5705:5)
#269    ComponentElement.mount (package:flutter/src/widgets/framework.dart:5699:5)
#270    Element.inflateWidget (package:flutter/src/widgets/framework.dart:4548:16)
#271    Element.updateChild (package:flutter/src/widgets/framework.dart:4004:18)
#272    ComponentElement.performRebuild (package:flutter/src/widgets/framework.dart:5747:16)
#273    StatefulElement.performRebuild (package:flutter/src/widgets/framework.dart:5884:11)
#274    Element.rebuild (package:flutter/src/widgets/framework.dart:5435:7)
#275    ComponentElement._firstBuild (package:flutter/src/widgets/framework.dart:5705:5)
#276    StatefulElement._firstBuild (package:flutter/src/widgets/framework.dart:5875:11)
#277    ComponentElement.mount (package:flutter/src/widgets/framework.dart:5699:5)
#278    Element.inflateWidget (package:flutter/src/widgets/framework.dart:4548:16)
#279    Element.updateChild (package:flutter/src/widgets/framework.dart:4004:18)
#280    ComponentElement.performRebuild (package:flutter/src/widgets/framework.dart:5747:16)
#281    Element.rebuild (package:flutter/src/widgets/framework.dart:5435:7)
#282    ComponentElement._firstBuild (package:flutter/src/widgets/framework.dart:5705:5)
#283    ComponentElement.mount (package:flutter/src/widgets/framework.dart:5699:5)
#284    Element.inflateWidget (package:flutter/src/widgets/framework.dart:4548:16)
#285    Element.updateChild (package:flutter/src/widgets/framework.dart:4004:18)
#286    ComponentElement.performRebuild (package:flutter/src/widgets/framework.dart:5747:16)
#287    StatefulElement.performRebuild (package:flutter/src/widgets/framework.dart:5884:11)
#288    Element.rebuild (package:flutter/src/widgets/framework.dart:5435:7)
#289    ComponentElement._firstBuild (package:flutter/src/widgets/framework.dart:5705:5)
#290    StatefulElement._firstBuild (package:flutter/src/widgets/framework.dart:5875:11)
#291    ComponentElement.mount (package:flutter/src/widgets/framework.dart:5699:5)
#292    Element.inflateWidget (package:flutter/src/widgets/framework.dart:4548:16)
#293    Element.updateChild (package:flutter/src/widgets/framework.dart:4004:18)
#294    ComponentElement.performRebuild (package:flutter/src/widgets/framework.dart:5747:16)
#295    StatefulElement.performRebuild (package:flutter/src/widgets/framework.dart:5884:11)
#296    Element.rebuild (package:flutter/src/widgets/framework.dart:5435:7)
#297    ComponentElement._firstBuild (package:flutter/src/widgets/framework.dart:5705:5)
#298    StatefulElement._firstBuild (package:flutter/src/widgets/framework.dart:5875:11)
#299    ComponentElement.mount (package:flutter/src/widgets/framework.dart:5699:5)
#300    Element.inflateWidget (package:flutter/src/widgets/framework.dart:4548:16)
#301    Element.updateChild (package:flutter/src/widgets/framework.dart:4004:18)
#302    SingleChildRenderObjectElement.mount (package:flutter/src/widgets/framework.dart:7018:14)
#303    Element.inflateWidget (package:flutter/src/widgets/framework.dart:4548:16)
#304    Element.updateChild (package:flutter/src/widgets/framework.dart:4004:18)
#305    SingleChildRenderObjectElement.mount (package:flutter/src/widgets/framework.dart:7018:14)
#306    Element.inflateWidget (package:flutter/src/widgets/framework.dart:4548:16)
#307    Element.updateChild (package:flutter/src/widgets/framework.dart:4004:18)
#308    ComponentElement.performRebuild (package:flutter/src/widgets/framework.dart:5747:16)
#309    Element.rebuild (package:flutter/src/widgets/framework.dart:5435:7)
#310    ComponentElement._firstBuild (package:flutter/src/widgets/framework.dart:5705:5)
#311    ComponentElement.mount (package:flutter/src/widgets/framework.dart:5699:5)
#312    Element.inflateWidget (package:flutter/src/widgets/framework.dart:4548:16)
#313    Element.updateChild (package:flutter/src/widgets/framework.dart:4004:18)
#314    ComponentElement.performRebuild (package:flutter/src/widgets/framework.dart:5747:16)
#315    Element.rebuild (package:flutter/src/widgets/framework.dart:5435:7)
#316    ComponentElement._firstBuild (package:flutter/src/widgets/framework.dart:5705:5)
#317    ComponentElement.mount (package:flutter/src/widgets/framework.dart:5699:5)
#318    Element.inflateWidget (package:flutter/src/widgets/framework.dart:4548:16)
#319    Element.updateChild (package:flutter/src/widgets/framework.dart:4004:18)
#320    ComponentElement.performRebuild (package:flutter/src/widgets/framework.dart:5747:16)
#321    StatefulElement.performRebuild (package:flutter/src/widgets/framework.dart:5884:11)
#322    Element.rebuild (package:flutter/src/widgets/framework.dart:5435:7)
#323    ComponentElement._firstBuild (package:flutter/src/widgets/framework.dart:5705:5)
#324    StatefulElement._firstBuild (package:flutter/src/widgets/framework.dart:5875:11)
#325    ComponentElement.mount (package:flutter/src/widgets/framework.dart:5699:5)
#326    Element.inflateWidget (package:flutter/src/widgets/framework.dart:4548:16)
#327    Element.updateChild (package:flutter/src/widgets/framework.dart:4004:18)
#328    ComponentElement.performRebuild (package:flutter/src/widgets/framework.dart:5747:16)
#329    Element.rebuild (package:flutter/src/widgets/framework.dart:5435:7)
#330    ComponentElement._firstBuild (package:flutter/src/widgets/framework.dart:5705:5)
#331    ComponentElement.mount (package:flutter/src/widgets/framework.dart:5699:5)
#332    Element.inflateWidget (package:flutter/src/widgets/framework.dart:4548:16)
#333    Element.updateChild (package:flutter/src/widgets/framework.dart:4004:18)
#334    SingleChildRenderObjectElement.mount (package:flutter/src/widgets/framework.dart:7018:14)
#335    Element.inflateWidget (package:flutter/src/widgets/framework.dart:4548:16)
#336    Element.updateChild (package:flutter/src/widgets/framework.dart:4004:18)
#337    ComponentElement.performRebuild (package:flutter/src/widgets/framework.dart:5747:16)
#338    StatefulElement.performRebuild (package:flutter/src/widgets/framework.dart:5884:11)
#339    Element.rebuild (package:flutter/src/widgets/framework.dart:5435:7)
#340    ComponentElement._firstBuild (package:flutter/src/widgets/framework.dart:5705:5)
#341    StatefulElement._firstBuild (package:flutter/src/widgets/framework.dart:5875:11)
#342    ComponentElement.mount (package:flutter/src/widgets/framework.dart:5699:5)
#343    Element.inflateWidget (package:flutter/src/widgets/framework.dart:4548:16)
#344    Element.updateChild (package:flutter/src/widgets/framework.dart:4004:18)
#345    ComponentElement.performRebuild (package:flutter/src/widgets/framework.dart:5747:16)
#346    Element.rebuild (package:flutter/src/widgets/framework.dart:5435:7)
#347    ComponentElement._firstBuild (package:flutter/src/widgets/framework.dart:5705:5)
#348    ComponentElement.mount (package:flutter/src/widgets/framework.dart:5699:5)
#349    Element.inflateWidget (package:flutter/src/widgets/framework.dart:4548:16)
#350    Element.updateChild (package:flutter/src/widgets/framework.dart:4004:18)
#351    ComponentElement.performRebuild (package:flutter/src/widgets/framework.dart:5747:16)
#352    Element.rebuild (package:flutter/src/widgets/framework.dart:5435:7)
#353    ComponentElement._firstBuild (package:flutter/src/widgets/framework.dart:5705:5)
#354    ComponentElement.mount (package:flutter/src/widgets/framework.dart:5699:5)
#355    Element.inflateWidget (package:flutter/src/widgets/framework.dart:4548:16)
#356    Element.updateChild (package:flutter/src/widgets/framework.dart:4004:18)
#357    ComponentElement.performRebuild (package:flutter/src/widgets/framework.dart:5747:16)
#358    StatefulElement.performRebuild (package:flutter/src/widgets/framework.dart:5884:11)
#359    Element.rebuild (package:flutter/src/widgets/framework.dart:5435:7)
#360    ComponentElement._firstBuild (package:flutter/src/widgets/framework.dart:5705:5)
#361    StatefulElement._firstBuild (package:flutter/src/widgets/framework.dart:5875:11)
#362    ComponentElement.mount (package:flutter/src/widgets/framework.dart:5699:5)
#363    Element.inflateWidget (package:flutter/src/widgets/framework.dart:4548:16)
#364    Element.updateChild (package:flutter/src/widgets/framework.dart:4004:18)
#365    ComponentElement.performRebuild (package:flutter/src/widgets/framework.dart:5747:16)
#366    Element.rebuild (package:flutter/src/widgets/framework.dart:5435:7)
#367    ComponentElement._firstBuild (package:flutter/src/widgets/framework.dart:5705:5)
#368    ComponentElement.mount (package:flutter/src/widgets/framework.dart:5699:5)
#369    Element.inflateWidget (package:flutter/src/widgets/framework.dart:4548:16)
#370    Element.updateChild (package:flutter/src/widgets/framework.dart:4004:18)
#371    ComponentElement.performRebuild (package:flutter/src/widgets/framework.dart:5747:16)
#372    Element.rebuild (package:flutter/src/widgets/framework.dart:5435:7)
#373    ComponentElement._firstBuild (package:flutter/src/widgets/framework.dart:5705:5)
#374    ComponentElement.mount (package:flutter/src/widgets/framework.dart:5699:5)
#375    Element.inflateWidget (package:flutter/src/widgets/framework.dart:4548:16)
#376    Element.updateChild (package:flutter/src/widgets/framework.dart:4004:18)
#377    ComponentElement.performRebuild (package:flutter/src/widgets/framework.dart:5747:16)
#378    Element.rebuild (package:flutter/src/widgets/framework.dart:5435:7)
#379    ComponentElement._firstBuild (package:flutter/src/widgets/framework.dart:5705:5)
#380    ComponentElement.mount (package:flutter/src/widgets/framework.dart:5699:5)
#381    Element.inflateWidget (package:flutter/src/widgets/framework.dart:4548:16)
#382    Element.updateChild (package:flutter/src/widgets/framework.dart:4004:18)
#383    ComponentElement.performRebuild (package:flutter/src/widgets/framework.dart:5747:16)
#384    Element.rebuild (package:flutter/src/widgets/framework.dart:5435:7)
#385    ComponentElement._firstBuild (package:flutter/src/widgets/framework.dart:5705:5)
#386    ComponentElement.mount (package:flutter/src/widgets/framework.dart:5699:5)
#387    Element.inflateWidget (package:flutter/src/widgets/framework.dart:4548:16)
#388    Element.updateChild (package:flutter/src/widgets/framework.dart:4004:18)
#389    ComponentElement.performRebuild (package:flutter/src/widgets/framework.dart:5747:16)
#390    Element.rebuild (package:flutter/src/widgets/framework.dart:5435:7)
#391    ComponentElement._firstBuild (package:flutter/src/widgets/framework.dart:5705:5)
#392    ComponentElement.mount (package:flutter/src/widgets/framework.dart:5699:5)
#393    Element.inflateWidget (package:flutter/src/widgets/framework.dart:4548:16)
#394    Element.updateChild (package:flutter/src/widgets/framework.dart:4004:18)
#395    ComponentElement.performRebuild (package:flutter/src/widgets/framework.dart:5747:16)
#396    Element.rebuild (package:flutter/src/widgets/framework.dart:5435:7)
#397    ComponentElement._firstBuild (package:flutter/src/widgets/framework.dart:5705:5)
#398    ComponentElement.mount (package:flutter/src/widgets/framework.dart:5699:5)
#399    Element.inflateWidget (package:flutter/src/widgets/framework.dart:4548:16)
#400    Element.updateChild (package:flutter/src/widgets/framework.dart:4004:18)
#401    ComponentElement.performRebuild (package:flutter/src/widgets/framework.dart:5747:16)
#402    Element.rebuild (package:flutter/src/widgets/framework.dart:5435:7)
#403    ComponentElement._firstBuild (package:flutter/src/widgets/framework.dart:5705:5)
#404    ComponentElement.mount (package:flutter/src/widgets/framework.dart:5699:5)
#405    Element.inflateWidget (package:flutter/src/widgets/framework.dart:4548:16)
#406    Element.updateChild (package:flutter/src/widgets/framework.dart:4004:18)
#407    ComponentElement.performRebuild (package:flutter/src/widgets/framework.dart:5747:16)
#408    StatefulElement.performRebuild (package:flutter/src/widgets/framework.dart:5884:11)
#409    Element.rebuild (package:flutter/src/widgets/framework.dart:5435:7)
#410    ComponentElement._firstBuild (package:flutter/src/widgets/framework.dart:5705:5)
#411    StatefulElement._firstBuild (package:flutter/src/widgets/framework.dart:5875:11)
#412    ComponentElement.mount (package:flutter/src/widgets/framework.dart:5699:5)
#413    Element.inflateWidget (package:flutter/src/widgets/framework.dart:4548:16)
#414    Element.updateChild (package:flutter/src/widgets/framework.dart:4004:18)
#415    ComponentElement.performRebuild (package:flutter/src/widgets/framework.dart:5747:16)
#416    Element.rebuild (package:flutter/src/widgets/framework.dart:5435:7)
#417    ComponentElement._firstBuild (package:flutter/src/widgets/framework.dart:5705:5)
#418    ComponentElement.mount (package:flutter/src/widgets/framework.dart:5699:5)
#419    Element.inflateWidget (package:flutter/src/widgets/framework.dart:4548:16)
#420    Element.updateChild (package:flutter/src/widgets/framework.dart:4004:18)
#421    ComponentElement.performRebuild (package:flutter/src/widgets/framework.dart:5747:16)
#422    Element.rebuild (package:flutter/src/widgets/framework.dart:5435:7)
#423    ComponentElement._firstBuild (package:flutter/src/widgets/framework.dart:5705:5)
#424    ComponentElement.mount (package:flutter/src/widgets/framework.dart:5699:5)
#425    Element.inflateWidget (package:flutter/src/widgets/framework.dart:4548:16)
#426    Element.updateChild (package:flutter/src/widgets/framework.dart:4004:18)
#427    ComponentElement.performRebuild (package:flutter/src/widgets/framework.dart:5747:16)
#428    StatefulElement.performRebuild (package:flutter/src/widgets/framework.dart:5884:11)
#429    Element.rebuild (package:flutter/src/widgets/framework.dart:5435:7)
#430    ComponentElement._firstBuild (package:flutter/src/widgets/framework.dart:5705:5)
#431    StatefulElement._firstBuild (package:flutter/src/widgets/framework.dart:5875:11)
#432    ComponentElement.mount (package:flutter/src/widgets/framework.dart:5699:5)
#433    Element.inflateWidget (package:flutter/src/widgets/framework.dart:4548:16)
#434    Element.updateChild (package:flutter/src/widgets/framework.dart:4004:18)
#435    SingleChildRenderObjectElement.mount (package:flutter/src/widgets/framework.dart:7018:14)
#436    Element.inflateWidget (package:flutter/src/widgets/framework.dart:4548:16)
#437    Element.updateChild (package:flutter/src/widgets/framework.dart:4004:18)
#438    ComponentElement.performRebuild (package:flutter/src/widgets/framework.dart:5747:16)
#439    StatefulElement.performRebuild (package:flutter/src/widgets/framework.dart:5884:11)
#440    Element.rebuild (package:flutter/src/widgets/framework.dart:5435:7)
#441    ComponentElement._firstBuild (package:flutter/src/widgets/framework.dart:5705:5)
#442    StatefulElement._firstBuild (package:flutter/src/widgets/framework.dart:5875:11)
#443    ComponentElement.mount (package:flutter/src/widgets/framework.dart:5699:5)
#444    Element.inflateWidget (package:flutter/src/widgets/framework.dart:4548:16)
#445    Element.updateChild (package:flutter/src/widgets/framework.dart:4004:18)
#446    ComponentElement.performRebuild (package:flutter/src/widgets/framework.dart:5747:16)
#447    Element.rebuild (package:flutter/src/widgets/framework.dart:5435:7)
#448    ComponentElement._firstBuild (package:flutter/src/widgets/framework.dart:5705:5)
#449    ComponentElement.mount (package:flutter/src/widgets/framework.dart:5699:5)
#450    Element.inflateWidget (package:flutter/src/widgets/framework.dart:4548:16)
#451    Element.updateChild (package:flutter/src/widgets/framework.dart:4004:18)
#452    ComponentElement.performRebuild (package:flutter/src/widgets/framework.dart:5747:16)
#453    Element.rebuild (package:flutter/src/widgets/framework.dart:5435:7)
#454    ComponentElement._firstBuild (package:flutter/src/widgets/framework.dart:5705:5)
#455    ComponentElement.mount (package:flutter/src/widgets/framework.dart:5699:5)
#456    Element.inflateWidget (package:flutter/src/widgets/framework.dart:4548:16)
#457    Element.updateChild (package:flutter/src/widgets/framework.dart:4004:18)
#458    ComponentElement.performRebuild (package:flutter/src/widgets/framework.dart:5747:16)
#459    Element.rebuild (package:flutter/src/widgets/framework.dart:5435:7)
#460    ComponentElement._firstBuild (package:flutter/src/widgets/framework.dart:5705:5)
#461    ComponentElement.mount (package:flutter/src/widgets/framework.dart:5699:5)
#462    Element.inflateWidget (package:flutter/src/widgets/framework.dart:4548:16)
#463    Element.updateChild (package:flutter/src/widgets/framework.dart:4004:18)
#464    ComponentElement.performRebuild (package:flutter/src/widgets/framework.dart:5747:16)
#465    Element.rebuild (package:flutter/src/widgets/framework.dart:5435:7)
#466    ComponentElement._firstBuild (package:flutter/src/widgets/framework.dart:5705:5)
#467    ComponentElement.mount (package:flutter/src/widgets/framework.dart:5699:5)
#468    Element.inflateWidget (package:flutter/src/widgets/framework.dart:4548:16)
#469    Element.updateChild (package:flutter/src/widgets/framework.dart:4004:18)
#470    SingleChildRenderObjectElement.mount (package:flutter/src/widgets/framework.dart:7018:14)
#471    Element.inflateWidget (package:flutter/src/widgets/framework.dart:4548:16)
#472    Element.updateChild (package:flutter/src/widgets/framework.dart:4004:18)
#473    ComponentElement.performRebuild (package:flutter/src/widgets/framework.dart:5747:16)
#474    StatefulElement.performRebuild (package:flutter/src/widgets/framework.dart:5884:11)
#475    Element.rebuild (package:flutter/src/widgets/framework.dart:5435:7)
#476    ComponentElement._firstBuild (package:flutter/src/widgets/framework.dart:5705:5)
#477    StatefulElement._firstBuild (package:flutter/src/widgets/framework.dart:5875:11)
#478    ComponentElement.mount (package:flutter/src/widgets/framework.dart:5699:5)
#479    Element.inflateWidget (package:flutter/src/widgets/framework.dart:4548:16)
#480    Element.updateChild (package:flutter/src/widgets/framework.dart:4004:18)
#481    ComponentElement.performRebuild (package:flutter/src/widgets/framework.dart:5747:16)
#482    StatefulElement.performRebuild (package:flutter/src/widgets/framework.dart:5884:11)
#483    Element.rebuild (package:flutter/src/widgets/framework.dart:5435:7)
#484    ComponentElement._firstBuild (package:flutter/src/widgets/framework.dart:5705:5)
#485    StatefulElement._firstBuild (package:flutter/src/widgets/framework.dart:5875:11)
#486    ComponentElement.mount (package:flutter/src/widgets/framework.dart:5699:5)
#487    Element.inflateWidget (package:flutter/src/widgets/framework.dart:4548:16)
#488    Element.updateChild (package:flutter/src/widgets/framework.dart:4004:18)
#489    SingleChildRenderObjectElement.mount (package:flutter/src/widgets/framework.dart:7018:14)
#490    Element.inflateWidget (package:flutter/src/widgets/framework.dart:4548:16)
#491    Element.updateChild (package:flutter/src/widgets/framework.dart:4004:18)
#492    ComponentElement.performRebuild (package:flutter/src/widgets/framework.dart:5747:16)
#493    Element.rebuild (package:flutter/src/widgets/framework.dart:5435:7)
#494    ComponentElement._firstBuild (package:flutter/src/widgets/framework.dart:5705:5)
#495    ComponentElement.mount (package:flutter/src/widgets/framework.dart:5699:5)
#496    Element.inflateWidget (package:flutter/src/widgets/framework.dart:4548:16)
#497    Element.updateChild (package:flutter/src/widgets/framework.dart:4004:18)
#498    ComponentElement.performRebuild (package:flutter/src/widgets/framework.dart:5747:16)
#499    StatefulElement.performRebuild (package:flutter/src/widgets/framework.dart:5884:11)
#500    Element.rebuild (package:flutter/src/widgets/framework.dart:5435:7)
#501    ComponentElement._firstBuild (package:flutter/src/widgets/framework.dart:5705:5)
#502    StatefulElement._firstBuild (package:flutter/src/widgets/framework.dart:5875:11)
#503    ComponentElement.mount (package:flutter/src/widgets/framework.dart:5699:5)
#504    Element.inflateWidget (package:flutter/src/widgets/framework.dart:4548:16)
#505    Element.updateChild (package:flutter/src/widgets/framework.dart:4004:18)
#506    ComponentElement.performRebuild (package:flutter/src/widgets/framework.dart:5747:16)
#507    StatefulElement.performRebuild (package:flutter/src/widgets/framework.dart:5884:11)
#508    Element.rebuild (package:flutter/src/widgets/framework.dart:5435:7)
#509    ComponentElement._firstBuild (package:flutter/src/widgets/framework.dart:5705:5)
#510    StatefulElement._firstBuild (package:flutter/src/widgets/framework.dart:5875:11)
#511    ComponentElement.mount (package:flutter/src/widgets/framework.dart:5699:5)
#512    Element.inflateWidget (package:flutter/src/widgets/framework.dart:4548:16)
#513    Element.updateChild (package:flutter/src/widgets/framework.dart:4004:18)
#514    ComponentElement.performRebuild (package:flutter/src/widgets/framework.dart:5747:16)
#515    Element.rebuild (package:flutter/src/widgets/framework.dart:5435:7)
#516    ComponentElement._firstBuild (package:flutter/src/widgets/framework.dart:5705:5)
#517    ComponentElement.mount (package:flutter/src/widgets/framework.dart:5699:5)
#518    Element.inflateWidget (package:flutter/src/widgets/framework.dart:4548:16)
#519    Element.updateChild (package:flutter/src/widgets/framework.dart:4004:18)
#520    ComponentElement.performRebuild (package:flutter/src/widgets/framework.dart:5747:16)
#521    StatefulElement.performRebuild (package:flutter/src/widgets/framework.dart:5884:11)
#522    Element.rebuild (package:flutter/src/widgets/framework.dart:5435:7)
#523    ComponentElement._firstBuild (package:flutter/src/widgets/framework.dart:5705:5)
#524    StatefulElement._firstBuild (package:flutter/src/widgets/framework.dart:5875:11)
#525    ComponentElement.mount (package:flutter/src/widgets/framework.dart:5699:5)
#526    Element.inflateWidget (package:flutter/src/widgets/framework.dart:4548:16)
#527    Element.updateChild (package:flutter/src/widgets/framework.dart:4004:18)
#528    SingleChildRenderObjectElement.mount (package:flutter/src/widgets/framework.dart:7018:14)
#529    Element.inflateWidget (package:flutter/src/widgets/framework.dart:4548:16)
#530    Element.updateChild (package:flutter/src/widgets/framework.dart:4004:18)
#531    ComponentElement.performRebuild (package:flutter/src/widgets/framework.dart:5747:16)
#532    Element.rebuild (package:flutter/src/widgets/framework.dart:5435:7)
#533    ComponentElement._firstBuild (package:flutter/src/widgets/framework.dart:5705:5)
#534    ComponentElement.mount (package:flutter/src/widgets/framework.dart:5699:5)
#535    Element.inflateWidget (package:flutter/src/widgets/framework.dart:4548:16)
#536    Element.updateChild (package:flutter/src/widgets/framework.dart:4004:18)
#537    ComponentElement.performRebuild (package:flutter/src/widgets/framework.dart:5747:16)
#538    StatefulElement.performRebuild (package:flutter/src/widgets/framework.dart:5884:11)
#539    Element.rebuild (package:flutter/src/widgets/framework.dart:5435:7)
#540    ComponentElement._firstBuild (package:flutter/src/widgets/framework.dart:5705:5)
#541    StatefulElement._firstBuild (package:flutter/src/widgets/framework.dart:5875:11)
#542    ComponentElement.mount (package:flutter/src/widgets/framework.dart:5699:5)
#543    Element.inflateWidget (package:flutter/src/widgets/framework.dart:4548:16)
#544    Element.updateChild (package:flutter/src/widgets/framework.dart:4004:18)
#545    ComponentElement.performRebuild (package:flutter/src/widgets/framework.dart:5747:16)
#546    StatefulElement.performRebuild (package:flutter/src/widgets/framework.dart:5884:11)
#547    Element.rebuild (package:flutter/src/widgets/framework.dart:5435:7)
#548    ComponentElement._firstBuild (package:flutter/src/widgets/framework.dart:5705:5)
#549    StatefulElement._firstBuild (package:flutter/src/widgets/framework.dart:5875:11)
#550    ComponentElement.mount (package:flutter/src/widgets/framework.dart:5699:5)
#551    Element.inflateWidget (package:flutter/src/widgets/framework.dart:4548:16)
#552    Element.updateChild (package:flutter/src/widgets/framework.dart:4004:18)
#553    ComponentElement.performRebuild (package:flutter/src/widgets/framework.dart:5747:16)
#554    Element.rebuild (package:flutter/src/widgets/framework.dart:5435:7)
#555    ComponentElement._firstBuild (package:flutter/src/widgets/framework.dart:5705:5)
#556    ComponentElement.mount (package:flutter/src/widgets/framework.dart:5699:5)
#557    Element.inflateWidget (package:flutter/src/widgets/framework.dart:4548:16)
#558    Element.updateChild (package:flutter/src/widgets/framework.dart:4004:18)
#559    ComponentElement.performRebuild (package:flutter/src/widgets/framework.dart:5747:16)
#560    StatefulElement.performRebuild (package:flutter/src/widgets/framework.dart:5884:11)
#561    Element.rebuild (package:flutter/src/widgets/framework.dart:5435:7)
#562    ComponentElement._firstBuild (package:flutter/src/widgets/framework.dart:5705:5)
#563    StatefulElement._firstBuild (package:flutter/src/widgets/framework.dart:5875:11)
#564    ComponentElement.mount (package:flutter/src/widgets/framework.dart:5699:5)
#565    Element.inflateWidget (package:flutter/src/widgets/framework.dart:4548:16)
#566    Element.updateChild (package:flutter/src/widgets/framework.dart:4004:18)
#567    SingleChildRenderObjectElement.mount (package:flutter/src/widgets/framework.dart:7018:14)
#568    Element.inflateWidget (package:flutter/src/widgets/framework.dart:4548:16)
#569    Element.updateChild (package:flutter/src/widgets/framework.dart:4004:18)
#570    ComponentElement.performRebuild (package:flutter/src/widgets/framework.dart:5747:16)
#571    Element.rebuild (package:flutter/src/widgets/framework.dart:5435:7)
#572    ComponentElement._firstBuild (package:flutter/src/widgets/framework.dart:5705:5)
#573    ComponentElement.mount (package:flutter/src/widgets/framework.dart:5699:5)
#574    Element.inflateWidget (package:flutter/src/widgets/framework.dart:4548:16)
#575    Element.updateChild (package:flutter/src/widgets/framework.dart:4004:18)
#576    ComponentElement.performRebuild (package:flutter/src/widgets/framework.dart:5747:16)
#577    StatefulElement.performRebuild (package:flutter/src/widgets/framework.dart:5884:11)
#578    Element.rebuild (package:flutter/src/widgets/framework.dart:5435:7)
#579    ComponentElement._firstBuild (package:flutter/src/widgets/framework.dart:5705:5)
#580    StatefulElement._firstBuild (package:flutter/src/widgets/framework.dart:5875:11)
#581    ComponentElement.mount (package:flutter/src/widgets/framework.dart:5699:5)
#582    Element.inflateWidget (package:flutter/src/widgets/framework.dart:4548:16)
#583    Element.updateChild (package:flutter/src/widgets/framework.dart:4004:18)
#584    ComponentElement.performRebuild (package:flutter/src/widgets/framework.dart:5747:16)
#585    StatefulElement.performRebuild (package:flutter/src/widgets/framework.dart:5884:11)
#586    Element.rebuild (package:flutter/src/widgets/framework.dart:5435:7)
#587    ComponentElement._firstBuild (package:flutter/src/widgets/framework.dart:5705:5)
#588    StatefulElement._firstBuild (package:flutter/src/widgets/framework.dart:5875:11)
#589    ComponentElement.mount (package:flutter/src/widgets/framework.dart:5699:5)
#590    Element.inflateWidget (package:flutter/src/widgets/framework.dart:4548:16)
#591    Element.updateChild (package:flutter/src/widgets/framework.dart:4004:18)
#592    ComponentElement.performRebuild (package:flutter/src/widgets/framework.dart:5747:16)
#593    Element.rebuild (package:flutter/src/widgets/framework.dart:5435:7)
#594    ComponentElement._firstBuild (package:flutter/src/widgets/framework.dart:5705:5)
#595    ComponentElement.mount (package:flutter/src/widgets/framework.dart:5699:5)
#596    Element.inflateWidget (package:flutter/src/widgets/framework.dart:4548:16)
#597    Element.updateChild (package:flutter/src/widgets/framework.dart:4004:18)
#598    SingleChildRenderObjectElement.mount (package:flutter/src/widgets/framework.dart:7018:14)
#599    Element.inflateWidget (package:flutter/src/widgets/framework.dart:4548:16)
#600    Element.updateChild (package:flutter/src/widgets/framework.dart:4004:18)
#601    ComponentElement.performRebuild (package:flutter/src/widgets/framework.dart:5747:16)
#602    Element.rebuild (package:flutter/src/widgets/framework.dart:5435:7)
#603    ComponentElement._firstBuild (package:flutter/src/widgets/framework.dart:5705:5)
#604    ComponentElement.mount (package:flutter/src/widgets/framework.dart:5699:5)
#605    Element.inflateWidget (package:flutter/src/widgets/framework.dart:4548:16)
#606    Element.updateChild (package:flutter/src/widgets/framework.dart:4004:18)
#607    ComponentElement.performRebuild (package:flutter/src/widgets/framework.dart:5747:16)
#608    StatefulElement.performRebuild (package:flutter/src/widgets/framework.dart:5884:11)
#609    Element.rebuild (package:flutter/src/widgets/framework.dart:5435:7)
#610    ComponentElement._firstBuild (package:flutter/src/widgets/framework.dart:5705:5)
#611    StatefulElement._firstBuild (package:flutter/src/widgets/framework.dart:5875:11)
#612    ComponentElement.mount (package:flutter/src/widgets/framework.dart:5699:5)
#613    Element.inflateWidget (package:flutter/src/widgets/framework.dart:4548:16)
#614    Element.updateChild (package:flutter/src/widgets/framework.dart:4004:18)
#615    ComponentElement.performRebuild (package:flutter/src/widgets/framework.dart:5747:16)
#616    StatefulElement.performRebuild (package:flutter/src/widgets/framework.dart:5884:11)
#617    Element.rebuild (package:flutter/src/widgets/framework.dart:5435:7)
#618    ComponentElement._firstBuild (package:flutter/src/widgets/framework.dart:5705:5)
#619    StatefulElement._firstBuild (package:flutter/src/widgets/framework.dart:5875:11)
#620    ComponentElement.mount (package:flutter/src/widgets/framework.dart:5699:5)
#621    Element.inflateWidget (package:flutter/src/widgets/framework.dart:4548:16)
#622    Element.updateChild (package:flutter/src/widgets/framework.dart:4004:18)
#623    ComponentElement.performRebuild (package:flutter/src/widgets/framework.dart:5747:16)
#624    Element.rebuild (package:flutter/src/widgets/framework.dart:5435:7)
#625    ComponentElement._firstBuild (package:flutter/src/widgets/framework.dart:5705:5)
#626    ComponentElement.mount (package:flutter/src/widgets/framework.dart:5699:5)
#627    Element.inflateWidget (package:flutter/src/widgets/framework.dart:4548:16)
#628    Element.updateChild (package:flutter/src/widgets/framework.dart:4004:18)
#629    ComponentElement.performRebuild (package:flutter/src/widgets/framework.dart:5747:16)
#630    Element.rebuild (package:flutter/src/widgets/framework.dart:5435:7)
#631    ComponentElement._firstBuild (package:flutter/src/widgets/framework.dart:5705:5)
#632    ComponentElement.mount (package:flutter/src/widgets/framework.dart:5699:5)
#633    Element.inflateWidget (package:flutter/src/widgets/framework.dart:4548:16)
#634    Element.updateChild (package:flutter/src/widgets/framework.dart:4004:18)
#635    ComponentElement.performRebuild (package:flutter/src/widgets/framework.dart:5747:16)
#636    StatefulElement.performRebuild (package:flutter/src/widgets/framework.dart:5884:11)
#637    Element.rebuild (package:flutter/src/widgets/framework.dart:5435:7)
#638    ComponentElement._firstBuild (package:flutter/src/widgets/framework.dart:5705:5)
#639    StatefulElement._firstBuild (package:flutter/src/widgets/framework.dart:5875:11)
#640    ComponentElement.mount (package:flutter/src/widgets/framework.dart:5699:5)
#641    Element.inflateWidget (package:flutter/src/widgets/framework.dart:4548:16)
#642    Element.updateChild (package:flutter/src/widgets/framework.dart:4004:18)
#643    ComponentElement.performRebuild (package:flutter/src/widgets/framework.dart:5747:16)
#644    Element.rebuild (package:flutter/src/widgets/framework.dart:5435:7)
#645    ComponentElement._firstBuild (package:flutter/src/widgets/framework.dart:5705:5)
#646    ComponentElement.mount (package:flutter/src/widgets/framework.dart:5699:5)
#647    Element.inflateWidget (package:flutter/src/widgets/framework.dart:4548:16)
#648    Element.updateChild (package:flutter/src/widgets/framework.dart:4004:18)
#649    ComponentElement.performRebuild (package:flutter/src/widgets/framework.dart:5747:16)
#650    StatefulElement.performRebuild (package:flutter/src/widgets/framework.dart:5884:11)
#651    Element.rebuild (package:flutter/src/widgets/framework.dart:5435:7)
#652    ComponentElement._firstBuild (package:flutter/src/widgets/framework.dart:5705:5)
#653    StatefulElement._firstBuild (package:flutter/src/widgets/framework.dart:5875:11)
#654    ComponentElement.mount (package:flutter/src/widgets/framework.dart:5699:5)
#655    Element.inflateWidget (package:flutter/src/widgets/framework.dart:4548:16)
#656    Element.updateChild (package:flutter/src/widgets/framework.dart:4004:18)
#657    ComponentElement.performRebuild (package:flutter/src/widgets/framework.dart:5747:16)
#658    Element.rebuild (package:flutter/src/widgets/framework.dart:5435:7)
#659    ComponentElement._firstBuild (package:flutter/src/widgets/framework.dart:5705:5)
#660    ComponentElement.mount (package:flutter/src/widgets/framework.dart:5699:5)
#661    Element.inflateWidget (package:flutter/src/widgets/framework.dart:4548:16)
#662    Element.updateChild (package:flutter/src/widgets/framework.dart:4004:18)
#663    ComponentElement.performRebuild (package:flutter/src/widgets/framework.dart:5747:16)
#664    StatefulElement.performRebuild (package:flutter/src/widgets/framework.dart:5884:11)
#665    Element.rebuild (package:flutter/src/widgets/framework.dart:5435:7)
#666    ComponentElement._firstBuild (package:flutter/src/widgets/framework.dart:5705:5)
#667    StatefulElement._firstBuild (package:flutter/src/widgets/framework.dart:5875:11)
#668    ComponentElement.mount (package:flutter/src/widgets/framework.dart:5699:5)
#669    Element.inflateWidget (package:flutter/src/widgets/framework.dart:4548:16)
#670    Element.updateChild (package:flutter/src/widgets/framework.dart:4004:18)
#671    ComponentElement.performRebuild (package:flutter/src/widgets/framework.dart:5747:16)
#672    StatefulElement.performRebuild (package:flutter/src/widgets/framework.dart:5884:11)
#673    Element.rebuild (package:flutter/src/widgets/framework.dart:5435:7)
#674    ComponentElement._firstBuild (package:flutter/src/widgets/framework.dart:5705:5)
#675    StatefulElement._firstBuild (package:flutter/src/widgets/framework.dart:5875:11)
#676    ComponentElement.mount (package:flutter/src/widgets/framework.dart:5699:5)
#677    Element.inflateWidget (package:flutter/src/widgets/framework.dart:4548:16)
#678    Element.updateChild (package:flutter/src/widgets/framework.dart:4004:18)
#679    SingleChildRenderObjectElement.mount (package:flutter/src/widgets/framework.dart:7018:14)
#680    Element.inflateWidget (package:flutter/src/widgets/framework.dart:4548:16)
#681    Element.updateChild (package:flutter/src/widgets/framework.dart:4004:18)
#682    ComponentElement.performRebuild (package:flutter/src/widgets/framework.dart:5747:16)
#683    Element.rebuild (package:flutter/src/widgets/framework.dart:5435:7)
#684    ComponentElement._firstBuild (package:flutter/src/widgets/framework.dart:5705:5)
#685    ComponentElement.mount (package:flutter/src/widgets/framework.dart:5699:5)
#686    Element.inflateWidget (package:flutter/src/widgets/framework.dart:4548:16)
#687    Element.updateChild (package:flutter/src/widgets/framework.dart:4004:18)
#688    ComponentElement.performRebuild (package:flutter/src/widgets/framework.dart:5747:16)
#689    StatefulElement.performRebuild (package:flutter/src/widgets/framework.dart:5884:11)
#690    Element.rebuild (package:flutter/src/widgets/framework.dart:5435:7)
#691    ComponentElement._firstBuild (package:flutter/src/widgets/framework.dart:5705:5)
#692    StatefulElement._firstBuild (package:flutter/src/widgets/framework.dart:5875:11)
#693    ComponentElement.mount (package:flutter/src/widgets/framework.dart:5699:5)
#694    Element.inflateWidget (package:flutter/src/widgets/framework.dart:4548:16)
#695    Element.updateChild (package:flutter/src/widgets/framework.dart:4004:18)
#696    ComponentElement.performRebuild (package:flutter/src/widgets/framework.dart:5747:16)
#697    Element.rebuild (package:flutter/src/widgets/framework.dart:5435:7)
#698    ComponentElement._firstBuild (package:flutter/src/widgets/framework.dart:5705:5)
#699    ComponentElement.mount (package:flutter/src/widgets/framework.dart:5699:5)
#700    Element.inflateWidget (package:flutter/src/widgets/framework.dart:4548:16)
#701    Element.updateChild (package:flutter/src/widgets/framework.dart:4004:18)
#702    ComponentElement.performRebuild (package:flutter/src/widgets/framework.dart:5747:16)
#703    Element.rebuild (package:flutter/src/widgets/framework.dart:5435:7)
#704    ComponentElement._firstBuild (package:flutter/src/widgets/framework.dart:5705:5)
#705    ComponentElement.mount (package:flutter/src/widgets/framework.dart:5699:5)
#706    Element.inflateWidget (package:flutter/src/widgets/framework.dart:4548:16)
#707    Element.updateChild (package:flutter/src/widgets/framework.dart:4004:18)
#708    ComponentElement.performRebuild (package:flutter/src/widgets/framework.dart:5747:16)
#709    StatefulElement.performRebuild (package:flutter/src/widgets/framework.dart:5884:11)
#710    Element.rebuild (package:flutter/src/widgets/framework.dart:5435:7)
#711    ComponentElement._firstBuild (package:flutter/src/widgets/framework.dart:5705:5)
#712    StatefulElement._firstBuild (package:flutter/src/widgets/framework.dart:5875:11)
#713    ComponentElement.mount (package:flutter/src/widgets/framework.dart:5699:5)
#714    Element.inflateWidget (package:flutter/src/widgets/framework.dart:4548:16)
#715    Element.updateChild (package:flutter/src/widgets/framework.dart:4004:18)
#716    ComponentElement.performRebuild (package:flutter/src/widgets/framework.dart:5747:16)
#717    Element.rebuild (package:flutter/src/widgets/framework.dart:5435:7)
#718    ComponentElement._firstBuild (package:flutter/src/widgets/framework.dart:5705:5)
#719    ComponentElement.mount (package:flutter/src/widgets/framework.dart:5699:5)
#720    Element.inflateWidget (package:flutter/src/widgets/framework.dart:4548:16)
#721    Element.updateChild (package:flutter/src/widgets/framework.dart:4004:18)
#722    ComponentElement.performRebuild (package:flutter/src/widgets/framework.dart:5747:16)
#723    StatefulElement.performRebuild (package:flutter/src/widgets/framework.dart:5884:11)
#724    Element.rebuild (package:flutter/src/widgets/framework.dart:5435:7)
#725    ComponentElement._firstBuild (package:flutter/src/widgets/framework.dart:5705:5)
#726    StatefulElement._firstBuild (package:flutter/src/widgets/framework.dart:5875:11)
#727    ComponentElement.mount (package:flutter/src/widgets/framework.dart:5699:5)
#728    Element.inflateWidget (package:flutter/src/widgets/framework.dart:4548:16)
#729    Element.updateChild (package:flutter/src/widgets/framework.dart:4004:18)
#730    ComponentElement.performRebuild (package:flutter/src/widgets/framework.dart:5747:16)
#731    StatefulElement.performRebuild (package:flutter/src/widgets/framework.dart:5884:11)
#732    Element.rebuild (package:flutter/src/widgets/framework.dart:5435:7)
#733    ComponentElement._firstBuild (package:flutter/src/widgets/framework.dart:5705:5)
#734    StatefulElement._firstBuild (package:flutter/src/widgets/framework.dart:5875:11)
#735    ComponentElement.mount (package:flutter/src/widgets/framework.dart:5699:5)
#736    Element.inflateWidget (package:flutter/src/widgets/framework.dart:4548:16)
#737    Element.updateChild (package:flutter/src/widgets/framework.dart:3998:20)
#738    ComponentElement.performRebuild (package:flutter/src/widgets/framework.dart:5747:16)
#739    Element.rebuild (package:flutter/src/widgets/framework.dart:5435:7)
#740    ProxyElement.update (package:flutter/src/widgets/framework.dart:6051:5)
#741    _InheritedNotifierElement.update (package:flutter/src/widgets/inherited_notifier.dart:108:11)
#742    Element.updateChild (package:flutter/src/widgets/framework.dart:3982:15)
#743    ComponentElement.performRebuild (package:flutter/src/widgets/framework.dart:5747:16)
#744    StatefulElement.performRebuild (package:flutter/src/widgets/framework.dart:5884:11)
#745    Element.rebuild (package:flutter/src/widgets/framework.dart:5435:7)
#746    StatefulElement.update (package:flutter/src/widgets/framework.dart:5909:5)
#747    Element.updateChild (package:flutter/src/widgets/framework.dart:3982:15)
#748    ComponentElement.performRebuild (package:flutter/src/widgets/framework.dart:5747:16)
#749    Element.rebuild (package:flutter/src/widgets/framework.dart:5435:7)
#750    ProxyElement.update (package:flutter/src/widgets/framework.dart:6051:5)
#751    _InheritedNotifierElement.update (package:flutter/src/widgets/inherited_notifier.dart:108:11)
#752    Element.updateChild (package:flutter/src/widgets/framework.dart:3982:15)
#753    ComponentElement.performRebuild (package:flutter/src/widgets/framework.dart:5747:16)
#754    StatefulElement.performRebuild (package:flutter/src/widgets/framework.dart:5884:11)
#755    Element.rebuild (package:flutter/src/widgets/framework.dart:5435:7)
#756    StatefulElement.update (package:flutter/src/widgets/framework.dart:5909:5)
#757    Element.updateChild (package:flutter/src/widgets/framework.dart:3982:15)
#758    ComponentElement.performRebuild (package:flutter/src/widgets/framework.dart:5747:16)
#759    StatefulElement.performRebuild (package:flutter/src/widgets/framework.dart:5884:11)
#760    Element.rebuild (package:flutter/src/widgets/framework.dart:5435:7)
#761    StatefulElement.update (package:flutter/src/widgets/framework.dart:5909:5)
#762    Element.updateChild (package:flutter/src/widgets/framework.dart:3982:15)
#763    ComponentElement.performRebuild (package:flutter/src/widgets/framework.dart:5747:16)
#764    Element.rebuild (package:flutter/src/widgets/framework.dart:5435:7)
#765    ProxyElement.update (package:flutter/src/widgets/framework.dart:6051:5)
#766    Element.updateChild (package:flutter/src/widgets/framework.dart:3982:15)
#767    ComponentElement.performRebuild (package:flutter/src/widgets/framework.dart:5747:16)
#768    StatefulElement.performRebuild (package:flutter/src/widgets/framework.dart:5884:11)
#769    Element.rebuild (package:flutter/src/widgets/framework.dart:5435:7)
#770    StatefulElement.update (package:flutter/src/widgets/framework.dart:5909:5)
#771    Element.updateChild (package:flutter/src/widgets/framework.dart:3982:15)
#772    ComponentElement.performRebuild (package:flutter/src/widgets/framework.dart:5747:16)
#773    Element.rebuild (package:flutter/src/widgets/framework.dart:5435:7)
#774    ProxyElement.update (package:flutter/src/widgets/framework.dart:6051:5)
#775    Element.updateChild (package:flutter/src/widgets/framework.dart:3982:15)
#776    ComponentElement.performRebuild (package:flutter/src/widgets/framework.dart:5747:16)
#777    Element.rebuild (package:flutter/src/widgets/framework.dart:5435:7)
#778    ProxyElement.update (package:flutter/src/widgets/framework.dart:6051:5)
#779    Element.updateChild (package:flutter/src/widgets/framework.dart:3982:15)
#780    _RawViewElement._updateChild (package:flutter/src/widgets/view.dart:481:16)
#781    _RawViewElement.update (package:flutter/src/widgets/view.dart:568:5)
#782    Element.updateChild (package:flutter/src/widgets/framework.dart:3982:15)
#783    ComponentElement.performRebuild (package:flutter/src/widgets/framework.dart:5747:16)
#784    Element.rebuild (package:flutter/src/widgets/framework.dart:5435:7)
#785    StatelessElement.update (package:flutter/src/widgets/framework.dart:5797:5)
#786    Element.updateChild (package:flutter/src/widgets/framework.dart:3982:15)
#787    ComponentElement.performRebuild (package:flutter/src/widgets/framework.dart:5747:16)
#788    StatefulElement.performRebuild (package:flutter/src/widgets/framework.dart:5884:11)
#789    Element.rebuild (package:flutter/src/widgets/framework.dart:5435:7)
#790    StatefulElement.update (package:flutter/src/widgets/framework.dart:5909:5)
#791    Element.updateChild (package:flutter/src/widgets/framework.dart:3982:15)
#792    RootElement._rebuild (package:flutter/src/widgets/binding.dart:1716:16)
#793    RootElement.update (package:flutter/src/widgets/binding.dart:1694:5)
#794    RootElement.performRebuild (package:flutter/src/widgets/binding.dart:1708:7)
#795    Element.rebuild (package:flutter/src/widgets/framework.dart:5435:7)
#796    BuildScope._tryRebuild (package:flutter/src/widgets/framework.dart:2695:15)
#797    BuildScope._flushDirtyElements (package:flutter/src/widgets/framework.dart:2752:11)
#798    BuildOwner.buildScope (package:flutter/src/widgets/framework.dart:3056:18)
#799    AutomatedTestWidgetsFlutterBinding.drawFrame (package:flutter_test/src/binding.dart:1506:19)
#800    RendererBinding._handlePersistentFrameCallback (package:flutter/src/rendering/binding.dart:495:5)
#801    SchedulerBinding._invokeFrameCallback (package:flutter/src/scheduler/binding.dart:1434:15)
#802    SchedulerBinding.handleDrawFrame (package:flutter/src/scheduler/binding.dart:1347:9)
#803    AutomatedTestWidgetsFlutterBinding.pump.<anonymous closure> (package:flutter_test/src/binding.dart:1335:9)
#804    _rootRun (dart:async/zone.dart:1525:13)
#805    _CustomZone.run (dart:async/zone.dart:1422:19)
#806    TestAsyncUtils.guard (package:flutter_test/src/test_async_utils.dart:74:41)
#807    AutomatedTestWidgetsFlutterBinding.pump (package:flutter_test/src/binding.dart:1324:27)
#808    WidgetTester.pumpWidget.<anonymous closure> (package:flutter_test/src/widget_tester.dart:598:22)
#809    _rootRun (dart:async/zone.dart:1525:13)
#810    _CustomZone.run (dart:async/zone.dart:1422:19)
#811    TestAsyncUtils.guard (package:flutter_test/src/test_async_utils.dart:74:41)
#812    WidgetTester.pumpWidget (package:flutter_test/src/widget_tester.dart:595:27)
#813    main.<anonymous closure> (file:///D:/study/college/gradution_project/Seasonal-job-matching-platform-/test/screens/home_screen_test.dart:122:18)
#814    testWidgets.<anonymous closure>.<anonymous closure> (package:flutter_test/src/widget_tester.dart:192:29)
<asynchronous suspension>
#815    TestWidgetsFlutterBinding._runTestBody (package:flutter_test/src/binding.dart:1059:5)
<asynchronous suspension>
#816    StackZoneSpecification._registerCallback.<anonymous closure> (package:stack_trace/src/stack_zone_specification.dart:114:42)
<asynchronous suspension>
, retrying)
RecommendedValue: AsyncLoading<RecommendedJobsResponse>(error: Network Error, stackTrace: #0      MockRecommendedJobsNotifier.build (file:///D:/study/college/gradution_project/Seasonal-job-matching-platform-/test/screens/home_screen_test.dart:161:7)
#1      AsyncNotifier.runBuild (package:riverpod/src/providers/async_notifier/orphan.dart:38:21)
#2      $ClassProviderElement.create (package:riverpod/src/core/provider/notifier_provider.dart:561:26)
#3      ProviderElement.buildState (package:riverpod/src/core/element.dart:665:28)
#4      ProviderElement.mount (package:riverpod/src/core/element.dart:517:7)
#5      ProviderElement.flush (package:riverpod/src/core/element.dart:620:7)
#6      $ProviderBaseImpl._addListener (package:riverpod/src/core/provider/provider.dart:117:24)
#7      ProviderContainer.listen (package:riverpod/src/core/provider_container.dart:954:26)
#8      ConsumerStatefulElement.watch.<anonymous closure> (package:flutter_riverpod/src/core/consumer.dart:451:37)
#9      _LinkedHashMapMixin.putIfAbsent (dart:_compact_hash:674:23)
#10     ConsumerStatefulElement.watch (package:flutter_riverpod/src/core/consumer.dart:444:14)
#11     _HomeScreenState.build (package:job_seeker/screens/home_screen.dart:19:34)
#12     StatefulElement.build (package:flutter/src/widgets/framework.dart:5833:27)
#13     ConsumerStatefulElement.build (package:flutter_riverpod/src/core/consumer.dart:421:20)
#14     ComponentElement.performRebuild (package:flutter/src/widgets/framework.dart:5723:15)
#15     StatefulElement.performRebuild (package:flutter/src/widgets/framework.dart:5884:11)
#16     Element.rebuild (package:flutter/src/widgets/framework.dart:5435:7)
#17     ComponentElement._firstBuild (package:flutter/src/widgets/framework.dart:5705:5)
#18     StatefulElement._firstBuild (package:flutter/src/widgets/framework.dart:5875:11)
#19     ComponentElement.mount (package:flutter/src/widgets/framework.dart:5699:5)
#20     Element.inflateWidget (package:flutter/src/widgets/framework.dart:4548:16)
#21     Element.updateChild (package:flutter/src/widgets/framework.dart:4004:18)
#22     SingleChildRenderObjectElement.mount (package:flutter/src/widgets/framework.dart:7018:14)
#23     Element.inflateWidget (package:flutter/src/widgets/framework.dart:4548:16)
#24     Element.updateChild (package:flutter/src/widgets/framework.dart:4004:18)
#25     ComponentElement.performRebuild (package:flutter/src/widgets/framework.dart:5747:16)
#26     Element.rebuild (package:flutter/src/widgets/framework.dart:5435:7)
#27     ComponentElement._firstBuild (package:flutter/src/widgets/framework.dart:5705:5)
#28     ComponentElement.mount (package:flutter/src/widgets/framework.dart:5699:5)
#29     Element.inflateWidget (package:flutter/src/widgets/framework.dart:4548:16)
#30     Element.updateChild (package:flutter/src/widgets/framework.dart:4004:18)
#31     SingleChildRenderObjectElement.mount (package:flutter/src/widgets/framework.dart:7018:14)
#32     Element.inflateWidget (package:flutter/src/widgets/framework.dart:4548:16)
#33     Element.updateChild (package:flutter/src/widgets/framework.dart:4004:18)
#34     SingleChildRenderObjectElement.mount (package:flutter/src/widgets/framework.dart:7018:14)
#35     Element.inflateWidget (package:flutter/src/widgets/framework.dart:4548:16)
#36     Element.updateChild (package:flutter/src/widgets/framework.dart:4004:18)
#37     ComponentElement.performRebuild (package:flutter/src/widgets/framework.dart:5747:16)
#38     StatefulElement.performRebuild (package:flutter/src/widgets/framework.dart:5884:11)
#39     Element.rebuild (package:flutter/src/widgets/framework.dart:5435:7)
#40     ComponentElement._firstBuild (package:flutter/src/widgets/framework.dart:5705:5)
#41     StatefulElement._firstBuild (package:flutter/src/widgets/framework.dart:5875:11)
#42     ComponentElement.mount (package:flutter/src/widgets/framework.dart:5699:5)
#43     Element.inflateWidget (package:flutter/src/widgets/framework.dart:4548:16)
#44     Element.updateChild (package:flutter/src/widgets/framework.dart:4004:18)
#45     SingleChildRenderObjectElement.mount (package:flutter/src/widgets/framework.dart:7018:14)
#46     Element.inflateWidget (package:flutter/src/widgets/framework.dart:4548:16)
#47     Element.updateChild (package:flutter/src/widgets/framework.dart:4004:18)
#48     ComponentElement.performRebuild (package:flutter/src/widgets/framework.dart:5747:16)
#49     StatefulElement.performRebuild (package:flutter/src/widgets/framework.dart:5884:11)
#50     Element.rebuild (package:flutter/src/widgets/framework.dart:5435:7)
#51     ComponentElement._firstBuild (package:flutter/src/widgets/framework.dart:5705:5)
#52     StatefulElement._firstBuild (package:flutter/src/widgets/framework.dart:5875:11)
#53     ComponentElement.mount (package:flutter/src/widgets/framework.dart:5699:5)
#54     Element.inflateWidget (package:flutter/src/widgets/framework.dart:4548:16)
#55     Element.updateChild (package:flutter/src/widgets/framework.dart:4004:18)
#56     SingleChildRenderObjectElement.mount (package:flutter/src/widgets/framework.dart:7018:14)
#57     Element.inflateWidget (package:flutter/src/widgets/framework.dart:4548:16)
#58     Element.updateChild (package:flutter/src/widgets/framework.dart:4004:18)
#59     ComponentElement.performRebuild (package:flutter/src/widgets/framework.dart:5747:16)
#60     StatefulElement.performRebuild (package:flutter/src/widgets/framework.dart:5884:11)
#61     Element.rebuild (package:flutter/src/widgets/framework.dart:5435:7)
#62     ComponentElement._firstBuild (package:flutter/src/widgets/framework.dart:5705:5)
#63     StatefulElement._firstBuild (package:flutter/src/widgets/framework.dart:5875:11)
#64     ComponentElement.mount (package:flutter/src/widgets/framework.dart:5699:5)
#65     Element.inflateWidget (package:flutter/src/widgets/framework.dart:4548:16)
#66     Element.updateChild (package:flutter/src/widgets/framework.dart:4004:18)
#67     ComponentElement.performRebuild (package:flutter/src/widgets/framework.dart:5747:16)
#68     StatefulElement.performRebuild (package:flutter/src/widgets/framework.dart:5884:11)
#69     Element.rebuild (package:flutter/src/widgets/framework.dart:5435:7)
#70     ComponentElement._firstBuild (package:flutter/src/widgets/framework.dart:5705:5)
#71     StatefulElement._firstBuild (package:flutter/src/widgets/framework.dart:5875:11)
#72     ComponentElement.mount (package:flutter/src/widgets/framework.dart:5699:5)
#73     Element.inflateWidget (package:flutter/src/widgets/framework.dart:4548:16)
#74     Element.updateChild (package:flutter/src/widgets/framework.dart:4004:18)
#75     SingleChildRenderObjectElement.mount (package:flutter/src/widgets/framework.dart:7018:14)
#76     Element.inflateWidget (package:flutter/src/widgets/framework.dart:4548:16)
#77     Element.updateChild (package:flutter/src/widgets/framework.dart:4004:18)
#78     ComponentElement.performRebuild (package:flutter/src/widgets/framework.dart:5747:16)
#79     StatefulElement.performRebuild (package:flutter/src/widgets/framework.dart:5884:11)
#80     Element.rebuild (package:flutter/src/widgets/framework.dart:5435:7)
#81     ComponentElement._firstBuild (package:flutter/src/widgets/framework.dart:5705:5)
#82     StatefulElement._firstBuild (package:flutter/src/widgets/framework.dart:5875:11)
#83     ComponentElement.mount (package:flutter/src/widgets/framework.dart:5699:5)
#84     Element.inflateWidget (package:flutter/src/widgets/framework.dart:4548:16)
#85     Element.updateChild (package:flutter/src/widgets/framework.dart:4004:18)
#86     SingleChildRenderObjectElement.mount (package:flutter/src/widgets/framework.dart:7018:14)
#87     Element.inflateWidget (package:flutter/src/widgets/framework.dart:4548:16)
#88     Element.updateChild (package:flutter/src/widgets/framework.dart:4004:18)
#89     ComponentElement.performRebuild (package:flutter/src/widgets/framework.dart:5747:16)
#90     StatefulElement.performRebuild (package:flutter/src/widgets/framework.dart:5884:11)
#91     Element.rebuild (package:flutter/src/widgets/framework.dart:5435:7)
#92     ComponentElement._firstBuild (package:flutter/src/widgets/framework.dart:5705:5)
#93     StatefulElement._firstBuild (package:flutter/src/widgets/framework.dart:5875:11)
#94     ComponentElement.mount (package:flutter/src/widgets/framework.dart:5699:5)
#95     Element.inflateWidget (package:flutter/src/widgets/framework.dart:4548:16)
#96     Element.updateChild (package:flutter/src/widgets/framework.dart:4004:18)
#97     ComponentElement.performRebuild (package:flutter/src/widgets/framework.dart:5747:16)
#98     StatefulElement.performRebuild (package:flutter/src/widgets/framework.dart:5884:11)
#99     Element.rebuild (package:flutter/src/widgets/framework.dart:5435:7)
#100    ComponentElement._firstBuild (package:flutter/src/widgets/framework.dart:5705:5)
#101    StatefulElement._firstBuild (package:flutter/src/widgets/framework.dart:5875:11)
#102    ComponentElement.mount (package:flutter/src/widgets/framework.dart:5699:5)
#103    Element.inflateWidget (package:flutter/src/widgets/framework.dart:4548:16)
#104    Element.updateChild (package:flutter/src/widgets/framework.dart:4004:18)
#105    ComponentElement.performRebuild (package:flutter/src/widgets/framework.dart:5747:16)
#106    Element.rebuild (package:flutter/src/widgets/framework.dart:5435:7)
#107    ComponentElement._firstBuild (package:flutter/src/widgets/framework.dart:5705:5)
#108    ComponentElement.mount (package:flutter/src/widgets/framework.dart:5699:5)
#109    Element.inflateWidget (package:flutter/src/widgets/framework.dart:4548:16)
#110    Element.updateChild (package:flutter/src/widgets/framework.dart:4004:18)
#111    ComponentElement.performRebuild (package:flutter/src/widgets/framework.dart:5747:16)
#112    StatefulElement.performRebuild (package:flutter/src/widgets/framework.dart:5884:11)
#113    Element.rebuild (package:flutter/src/widgets/framework.dart:5435:7)
#114    ComponentElement._firstBuild (package:flutter/src/widgets/framework.dart:5705:5)
#115    StatefulElement._firstBuild (package:flutter/src/widgets/framework.dart:5875:11)
#116    ComponentElement.mount (package:flutter/src/widgets/framework.dart:5699:5)
#117    Element.inflateWidget (package:flutter/src/widgets/framework.dart:4548:16)
#118    Element.updateChild (package:flutter/src/widgets/framework.dart:4004:18)
#119    ComponentElement.performRebuild (package:flutter/src/widgets/framework.dart:5747:16)
#120    StatefulElement.performRebuild (package:flutter/src/widgets/framework.dart:5884:11)
#121    Element.rebuild (package:flutter/src/widgets/framework.dart:5435:7)
#122    ComponentElement._firstBuild (package:flutter/src/widgets/framework.dart:5705:5)
#123    StatefulElement._firstBuild (package:flutter/src/widgets/framework.dart:5875:11)
#124    ComponentElement.mount (package:flutter/src/widgets/framework.dart:5699:5)
#125    Element.inflateWidget (package:flutter/src/widgets/framework.dart:4548:16)
#126    Element.updateChild (package:flutter/src/widgets/framework.dart:4004:18)
#127    SingleChildRenderObjectElement.mount (package:flutter/src/widgets/framework.dart:7018:14)
#128    Element.inflateWidget (package:flutter/src/widgets/framework.dart:4548:16)
#129    Element.updateChild (package:flutter/src/widgets/framework.dart:4004:18)
#130    ComponentElement.performRebuild (package:flutter/src/widgets/framework.dart:5747:16)
#131    Element.rebuild (package:flutter/src/widgets/framework.dart:5435:7)
#132    ComponentElement._firstBuild (package:flutter/src/widgets/framework.dart:5705:5)
#133    ComponentElement.mount (package:flutter/src/widgets/framework.dart:5699:5)
#134    Element.inflateWidget (package:flutter/src/widgets/framework.dart:4548:16)
#135    Element.updateChild (package:flutter/src/widgets/framework.dart:4004:18)
#136    SingleChildRenderObjectElement.mount (package:flutter/src/widgets/framework.dart:7018:14)
#137    Element.inflateWidget (package:flutter/src/widgets/framework.dart:4548:16)
#138    Element.updateChild (package:flutter/src/widgets/framework.dart:4004:18)
#139    ComponentElement.performRebuild (package:flutter/src/widgets/framework.dart:5747:16)
#140    StatefulElement.performRebuild (package:flutter/src/widgets/framework.dart:5884:11)
#141    Element.rebuild (package:flutter/src/widgets/framework.dart:5435:7)
#142    ComponentElement._firstBuild (package:flutter/src/widgets/framework.dart:5705:5)
#143    StatefulElement._firstBuild (package:flutter/src/widgets/framework.dart:5875:11)
#144    ComponentElement.mount (package:flutter/src/widgets/framework.dart:5699:5)
#145    Element.inflateWidget (package:flutter/src/widgets/framework.dart:4548:16)
#146    Element.updateChild (package:flutter/src/widgets/framework.dart:4004:18)
#147    ComponentElement.performRebuild (package:flutter/src/widgets/framework.dart:5747:16)
#148    Element.rebuild (package:flutter/src/widgets/framework.dart:5435:7)
#149    ComponentElement._firstBuild (package:flutter/src/widgets/framework.dart:5705:5)
#150    ComponentElement.mount (package:flutter/src/widgets/framework.dart:5699:5)
#151    Element.inflateWidget (package:flutter/src/widgets/framework.dart:4548:16)
#152    Element.updateChild (package:flutter/src/widgets/framework.dart:4004:18)
#153    ComponentElement.performRebuild (package:flutter/src/widgets/framework.dart:5747:16)
#154    Element.rebuild (package:flutter/src/widgets/framework.dart:5435:7)
#155    ComponentElement._firstBuild (package:flutter/src/widgets/framework.dart:5705:5)
#156    ComponentElement.mount (package:flutter/src/widgets/framework.dart:5699:5)
#157    Element.inflateWidget (package:flutter/src/widgets/framework.dart:4548:16)
#158    Element.updateChild (package:flutter/src/widgets/framework.dart:4004:18)
#159    ComponentElement.performRebuild (package:flutter/src/widgets/framework.dart:5747:16)
#160    StatefulElement.performRebuild (package:flutter/src/widgets/framework.dart:5884:11)
#161    Element.rebuild (package:flutter/src/widgets/framework.dart:5435:7)
#162    ComponentElement._firstBuild (package:flutter/src/widgets/framework.dart:5705:5)
#163    StatefulElement._firstBuild (package:flutter/src/widgets/framework.dart:5875:11)
#164    ComponentElement.mount (package:flutter/src/widgets/framework.dart:5699:5)
#165    Element.inflateWidget (package:flutter/src/widgets/framework.dart:4548:16)
#166    Element.updateChild (package:flutter/src/widgets/framework.dart:4004:18)
#167    ComponentElement.performRebuild (package:flutter/src/widgets/framework.dart:5747:16)
#168    Element.rebuild (package:flutter/src/widgets/framework.dart:5435:7)
#169    ComponentElement._firstBuild (package:flutter/src/widgets/framework.dart:5705:5)
#170    ComponentElement.mount (package:flutter/src/widgets/framework.dart:5699:5)
#171    Element.inflateWidget (package:flutter/src/widgets/framework.dart:4548:16)
#172    Element.updateChild (package:flutter/src/widgets/framework.dart:4004:18)
#173    ComponentElement.performRebuild (package:flutter/src/widgets/framework.dart:5747:16)
#174    Element.rebuild (package:flutter/src/widgets/framework.dart:5435:7)
#175    ComponentElement._firstBuild (package:flutter/src/widgets/framework.dart:5705:5)
#176    ComponentElement.mount (package:flutter/src/widgets/framework.dart:5699:5)
#177    Element.inflateWidget (package:flutter/src/widgets/framework.dart:4548:16)
#178    Element.updateChild (package:flutter/src/widgets/framework.dart:4004:18)
#179    SingleChildRenderObjectElement.mount (package:flutter/src/widgets/framework.dart:7018:14)
#180    Element.inflateWidget (package:flutter/src/widgets/framework.dart:4548:16)
#181    Element.updateChild (package:flutter/src/widgets/framework.dart:4004:18)
#182    ComponentElement.performRebuild (package:flutter/src/widgets/framework.dart:5747:16)
#183    Element.rebuild (package:flutter/src/widgets/framework.dart:5435:7)
#184    ComponentElement._firstBuild (package:flutter/src/widgets/framework.dart:5705:5)
#185    ComponentElement.mount (package:flutter/src/widgets/framework.dart:5699:5)
#186    Element.inflateWidget (package:flutter/src/widgets/framework.dart:4548:16)
#187    Element.updateChild (package:flutter/src/widgets/framework.dart:4004:18)
#188    ComponentElement.performRebuild (package:flutter/src/widgets/framework.dart:5747:16)
#189    Element.rebuild (package:flutter/src/widgets/framework.dart:5435:7)
#190    ComponentElement._firstBuild (package:flutter/src/widgets/framework.dart:5705:5)
#191    ComponentElement.mount (package:flutter/src/widgets/framework.dart:5699:5)
#192    Element.inflateWidget (package:flutter/src/widgets/framework.dart:4548:16)
#193    Element.updateChild (package:flutter/src/widgets/framework.dart:4004:18)
#194    ComponentElement.performRebuild (package:flutter/src/widgets/framework.dart:5747:16)
#195    StatefulElement.performRebuild (package:flutter/src/widgets/framework.dart:5884:11)
#196    Element.rebuild (package:flutter/src/widgets/framework.dart:5435:7)
#197    ComponentElement._firstBuild (package:flutter/src/widgets/framework.dart:5705:5)
#198    StatefulElement._firstBuild (package:flutter/src/widgets/framework.dart:5875:11)
#199    ComponentElement.mount (package:flutter/src/widgets/framework.dart:5699:5)
#200    Element.inflateWidget (package:flutter/src/widgets/framework.dart:4548:16)
#201    Element.updateChild (package:flutter/src/widgets/framework.dart:4004:18)
#202    ComponentElement.performRebuild (package:flutter/src/widgets/framework.dart:5747:16)
#203    StatefulElement.performRebuild (package:flutter/src/widgets/framework.dart:5884:11)
#204    Element.rebuild (package:flutter/src/widgets/framework.dart:5435:7)
#205    ComponentElement._firstBuild (package:flutter/src/widgets/framework.dart:5705:5)
#206    StatefulElement._firstBuild (package:flutter/src/widgets/framework.dart:5875:11)
#207    ComponentElement.mount (package:flutter/src/widgets/framework.dart:5699:5)
#208    Element.inflateWidget (package:flutter/src/widgets/framework.dart:4548:16)
#209    Element.updateChild (package:flutter/src/widgets/framework.dart:4004:18)
#210    ComponentElement.performRebuild (package:flutter/src/widgets/framework.dart:5747:16)
#211    StatefulElement.performRebuild (package:flutter/src/widgets/framework.dart:5884:11)
#212    Element.rebuild (package:flutter/src/widgets/framework.dart:5435:7)
#213    ComponentElement._firstBuild (package:flutter/src/widgets/framework.dart:5705:5)
#214    StatefulElement._firstBuild (package:flutter/src/widgets/framework.dart:5875:11)
#215    ComponentElement.mount (package:flutter/src/widgets/framework.dart:5699:5)
#216    Element.inflateWidget (package:flutter/src/widgets/framework.dart:4548:16)
#217    Element.updateChild (package:flutter/src/widgets/framework.dart:4004:18)
#218    SingleChildRenderObjectElement.mount (package:flutter/src/widgets/framework.dart:7018:14)
#219    Element.inflateWidget (package:flutter/src/widgets/framework.dart:4548:16)
#220    Element.updateChild (package:flutter/src/widgets/framework.dart:4004:18)
#221    ComponentElement.performRebuild (package:flutter/src/widgets/framework.dart:5747:16)
#222    Element.rebuild (package:flutter/src/widgets/framework.dart:5435:7)
#223    ComponentElement._firstBuild (package:flutter/src/widgets/framework.dart:5705:5)
#224    ComponentElement.mount (package:flutter/src/widgets/framework.dart:5699:5)
#225    Element.inflateWidget (package:flutter/src/widgets/framework.dart:4548:16)
#226    Element.updateChild (package:flutter/src/widgets/framework.dart:4004:18)
#227    ComponentElement.performRebuild (package:flutter/src/widgets/framework.dart:5747:16)
#228    Element.rebuild (package:flutter/src/widgets/framework.dart:5435:7)
#229    ComponentElement._firstBuild (package:flutter/src/widgets/framework.dart:5705:5)
#230    ComponentElement.mount (package:flutter/src/widgets/framework.dart:5699:5)
#231    Element.inflateWidget (package:flutter/src/widgets/framework.dart:4548:16)
#232    Element.updateChild (package:flutter/src/widgets/framework.dart:4004:18)
#233    ComponentElement.performRebuild (package:flutter/src/widgets/framework.dart:5747:16)
#234    StatefulElement.performRebuild (package:flutter/src/widgets/framework.dart:5884:11)
#235    Element.rebuild (package:flutter/src/widgets/framework.dart:5435:7)
#236    ComponentElement._firstBuild (package:flutter/src/widgets/framework.dart:5705:5)
#237    StatefulElement._firstBuild (package:flutter/src/widgets/framework.dart:5875:11)
#238    ComponentElement.mount (package:flutter/src/widgets/framework.dart:5699:5)
#239    Element.inflateWidget (package:flutter/src/widgets/framework.dart:4548:16)
#240    Element.updateChild (package:flutter/src/widgets/framework.dart:4004:18)
#241    ComponentElement.performRebuild (package:flutter/src/widgets/framework.dart:5747:16)
#242    StatefulElement.performRebuild (package:flutter/src/widgets/framework.dart:5884:11)
#243    Element.rebuild (package:flutter/src/widgets/framework.dart:5435:7)
#244    ComponentElement._firstBuild (package:flutter/src/widgets/framework.dart:5705:5)
#245    StatefulElement._firstBuild (package:flutter/src/widgets/framework.dart:5875:11)
#246    ComponentElement.mount (package:flutter/src/widgets/framework.dart:5699:5)
#247    Element.inflateWidget (package:flutter/src/widgets/framework.dart:4548:16)
#248    MultiChildRenderObjectElement.inflateWidget (package:flutter/src/widgets/framework.dart:7169:36)
#249    MultiChildRenderObjectElement.mount (package:flutter/src/widgets/framework.dart:7185:32)
#250    Element.inflateWidget (package:flutter/src/widgets/framework.dart:4548:16)
#251    Element.updateChild (package:flutter/src/widgets/framework.dart:4004:18)
#252    ComponentElement.performRebuild (package:flutter/src/widgets/framework.dart:5747:16)
#253    StatefulElement.performRebuild (package:flutter/src/widgets/framework.dart:5884:11)
#254    Element.rebuild (package:flutter/src/widgets/framework.dart:5435:7)
#255    ComponentElement._firstBuild (package:flutter/src/widgets/framework.dart:5705:5)
#256    StatefulElement._firstBuild (package:flutter/src/widgets/framework.dart:5875:11)
#257    ComponentElement.mount (package:flutter/src/widgets/framework.dart:5699:5)
#258    Element.inflateWidget (package:flutter/src/widgets/framework.dart:4548:16)
#259    Element.updateChild (package:flutter/src/widgets/framework.dart:4004:18)
#260    ComponentElement.performRebuild (package:flutter/src/widgets/framework.dart:5747:16)
#261    Element.rebuild (package:flutter/src/widgets/framework.dart:5435:7)
#262    ComponentElement._firstBuild (package:flutter/src/widgets/framework.dart:5705:5)
#263    ComponentElement.mount (package:flutter/src/widgets/framework.dart:5699:5)
#264    Element.inflateWidget (package:flutter/src/widgets/framework.dart:4548:16)
#265    Element.updateChild (package:flutter/src/widgets/framework.dart:4004:18)
#266    ComponentElement.performRebuild (package:flutter/src/widgets/framework.dart:5747:16)
#267    Element.rebuild (package:flutter/src/widgets/framework.dart:5435:7)
#268    ComponentElement._firstBuild (package:flutter/src/widgets/framework.dart:5705:5)
#269    ComponentElement.mount (package:flutter/src/widgets/framework.dart:5699:5)
#270    Element.inflateWidget (package:flutter/src/widgets/framework.dart:4548:16)
#271    Element.updateChild (package:flutter/src/widgets/framework.dart:4004:18)
#272    ComponentElement.performRebuild (package:flutter/src/widgets/framework.dart:5747:16)
#273    StatefulElement.performRebuild (package:flutter/src/widgets/framework.dart:5884:11)
#274    Element.rebuild (package:flutter/src/widgets/framework.dart:5435:7)
#275    ComponentElement._firstBuild (package:flutter/src/widgets/framework.dart:5705:5)
#276    StatefulElement._firstBuild (package:flutter/src/widgets/framework.dart:5875:11)
#277    ComponentElement.mount (package:flutter/src/widgets/framework.dart:5699:5)
#278    Element.inflateWidget (package:flutter/src/widgets/framework.dart:4548:16)
#279    Element.updateChild (package:flutter/src/widgets/framework.dart:4004:18)
#280    ComponentElement.performRebuild (package:flutter/src/widgets/framework.dart:5747:16)
#281    Element.rebuild (package:flutter/src/widgets/framework.dart:5435:7)
#282    ComponentElement._firstBuild (package:flutter/src/widgets/framework.dart:5705:5)
#283    ComponentElement.mount (package:flutter/src/widgets/framework.dart:5699:5)
#284    Element.inflateWidget (package:flutter/src/widgets/framework.dart:4548:16)
#285    Element.updateChild (package:flutter/src/widgets/framework.dart:4004:18)
#286    ComponentElement.performRebuild (package:flutter/src/widgets/framework.dart:5747:16)
#287    StatefulElement.performRebuild (package:flutter/src/widgets/framework.dart:5884:11)
#288    Element.rebuild (package:flutter/src/widgets/framework.dart:5435:7)
#289    ComponentElement._firstBuild (package:flutter/src/widgets/framework.dart:5705:5)
#290    StatefulElement._firstBuild (package:flutter/src/widgets/framework.dart:5875:11)
#291    ComponentElement.mount (package:flutter/src/widgets/framework.dart:5699:5)
#292    Element.inflateWidget (package:flutter/src/widgets/framework.dart:4548:16)
#293    Element.updateChild (package:flutter/src/widgets/framework.dart:4004:18)
#294    ComponentElement.performRebuild (package:flutter/src/widgets/framework.dart:5747:16)
#295    StatefulElement.performRebuild (package:flutter/src/widgets/framework.dart:5884:11)
#296    Element.rebuild (package:flutter/src/widgets/framework.dart:5435:7)
#297    ComponentElement._firstBuild (package:flutter/src/widgets/framework.dart:5705:5)
#298    StatefulElement._firstBuild (package:flutter/src/widgets/framework.dart:5875:11)
#299    ComponentElement.mount (package:flutter/src/widgets/framework.dart:5699:5)
#300    Element.inflateWidget (package:flutter/src/widgets/framework.dart:4548:16)
#301    Element.updateChild (package:flutter/src/widgets/framework.dart:4004:18)
#302    SingleChildRenderObjectElement.mount (package:flutter/src/widgets/framework.dart:7018:14)
#303    Element.inflateWidget (package:flutter/src/widgets/framework.dart:4548:16)
#304    Element.updateChild (package:flutter/src/widgets/framework.dart:4004:18)
#305    SingleChildRenderObjectElement.mount (package:flutter/src/widgets/framework.dart:7018:14)
#306    Element.inflateWidget (package:flutter/src/widgets/framework.dart:4548:16)
#307    Element.updateChild (package:flutter/src/widgets/framework.dart:4004:18)
#308    ComponentElement.performRebuild (package:flutter/src/widgets/framework.dart:5747:16)
#309    Element.rebuild (package:flutter/src/widgets/framework.dart:5435:7)
#310    ComponentElement._firstBuild (package:flutter/src/widgets/framework.dart:5705:5)
#311    ComponentElement.mount (package:flutter/src/widgets/framework.dart:5699:5)
#312    Element.inflateWidget (package:flutter/src/widgets/framework.dart:4548:16)
#313    Element.updateChild (package:flutter/src/widgets/framework.dart:4004:18)
#314    ComponentElement.performRebuild (package:flutter/src/widgets/framework.dart:5747:16)
#315    Element.rebuild (package:flutter/src/widgets/framework.dart:5435:7)
#316    ComponentElement._firstBuild (package:flutter/src/widgets/framework.dart:5705:5)
#317    ComponentElement.mount (package:flutter/src/widgets/framework.dart:5699:5)
#318    Element.inflateWidget (package:flutter/src/widgets/framework.dart:4548:16)
#319    Element.updateChild (package:flutter/src/widgets/framework.dart:4004:18)
#320    ComponentElement.performRebuild (package:flutter/src/widgets/framework.dart:5747:16)
#321    StatefulElement.performRebuild (package:flutter/src/widgets/framework.dart:5884:11)
#322    Element.rebuild (package:flutter/src/widgets/framework.dart:5435:7)
#323    ComponentElement._firstBuild (package:flutter/src/widgets/framework.dart:5705:5)
#324    StatefulElement._firstBuild (package:flutter/src/widgets/framework.dart:5875:11)
#325    ComponentElement.mount (package:flutter/src/widgets/framework.dart:5699:5)
#326    Element.inflateWidget (package:flutter/src/widgets/framework.dart:4548:16)
#327    Element.updateChild (package:flutter/src/widgets/framework.dart:4004:18)
#328    ComponentElement.performRebuild (package:flutter/src/widgets/framework.dart:5747:16)
#329    Element.rebuild (package:flutter/src/widgets/framework.dart:5435:7)
#330    ComponentElement._firstBuild (package:flutter/src/widgets/framework.dart:5705:5)
#331    ComponentElement.mount (package:flutter/src/widgets/framework.dart:5699:5)
#332    Element.inflateWidget (package:flutter/src/widgets/framework.dart:4548:16)
#333    Element.updateChild (package:flutter/src/widgets/framework.dart:4004:18)
#334    SingleChildRenderObjectElement.mount (package:flutter/src/widgets/framework.dart:7018:14)
#335    Element.inflateWidget (package:flutter/src/widgets/framework.dart:4548:16)
#336    Element.updateChild (package:flutter/src/widgets/framework.dart:4004:18)
#337    ComponentElement.performRebuild (package:flutter/src/widgets/framework.dart:5747:16)
#338    StatefulElement.performRebuild (package:flutter/src/widgets/framework.dart:5884:11)
#339    Element.rebuild (package:flutter/src/widgets/framework.dart:5435:7)
#340    ComponentElement._firstBuild (package:flutter/src/widgets/framework.dart:5705:5)
#341    StatefulElement._firstBuild (package:flutter/src/widgets/framework.dart:5875:11)
#342    ComponentElement.mount (package:flutter/src/widgets/framework.dart:5699:5)
#343    Element.inflateWidget (package:flutter/src/widgets/framework.dart:4548:16)
#344    Element.updateChild (package:flutter/src/widgets/framework.dart:4004:18)
#345    ComponentElement.performRebuild (package:flutter/src/widgets/framework.dart:5747:16)
#346    Element.rebuild (package:flutter/src/widgets/framework.dart:5435:7)
#347    ComponentElement._firstBuild (package:flutter/src/widgets/framework.dart:5705:5)
#348    ComponentElement.mount (package:flutter/src/widgets/framework.dart:5699:5)
#349    Element.inflateWidget (package:flutter/src/widgets/framework.dart:4548:16)
#350    Element.updateChild (package:flutter/src/widgets/framework.dart:4004:18)
#351    ComponentElement.performRebuild (package:flutter/src/widgets/framework.dart:5747:16)
#352    Element.rebuild (package:flutter/src/widgets/framework.dart:5435:7)
#353    ComponentElement._firstBuild (package:flutter/src/widgets/framework.dart:5705:5)
#354    ComponentElement.mount (package:flutter/src/widgets/framework.dart:5699:5)
#355    Element.inflateWidget (package:flutter/src/widgets/framework.dart:4548:16)
#356    Element.updateChild (package:flutter/src/widgets/framework.dart:4004:18)
#357    ComponentElement.performRebuild (package:flutter/src/widgets/framework.dart:5747:16)
#358    StatefulElement.performRebuild (package:flutter/src/widgets/framework.dart:5884:11)
#359    Element.rebuild (package:flutter/src/widgets/framework.dart:5435:7)
#360    ComponentElement._firstBuild (package:flutter/src/widgets/framework.dart:5705:5)
#361    StatefulElement._firstBuild (package:flutter/src/widgets/framework.dart:5875:11)
#362    ComponentElement.mount (package:flutter/src/widgets/framework.dart:5699:5)
#363    Element.inflateWidget (package:flutter/src/widgets/framework.dart:4548:16)
#364    Element.updateChild (package:flutter/src/widgets/framework.dart:4004:18)
#365    ComponentElement.performRebuild (package:flutter/src/widgets/framework.dart:5747:16)
#366    Element.rebuild (package:flutter/src/widgets/framework.dart:5435:7)
#367    ComponentElement._firstBuild (package:flutter/src/widgets/framework.dart:5705:5)
#368    ComponentElement.mount (package:flutter/src/widgets/framework.dart:5699:5)
#369    Element.inflateWidget (package:flutter/src/widgets/framework.dart:4548:16)
#370    Element.updateChild (package:flutter/src/widgets/framework.dart:4004:18)
#371    ComponentElement.performRebuild (package:flutter/src/widgets/framework.dart:5747:16)
#372    Element.rebuild (package:flutter/src/widgets/framework.dart:5435:7)
#373    ComponentElement._firstBuild (package:flutter/src/widgets/framework.dart:5705:5)
#374    ComponentElement.mount (package:flutter/src/widgets/framework.dart:5699:5)
#375    Element.inflateWidget (package:flutter/src/widgets/framework.dart:4548:16)
#376    Element.updateChild (package:flutter/src/widgets/framework.dart:4004:18)
#377    ComponentElement.performRebuild (package:flutter/src/widgets/framework.dart:5747:16)
#378    Element.rebuild (package:flutter/src/widgets/framework.dart:5435:7)
#379    ComponentElement._firstBuild (package:flutter/src/widgets/framework.dart:5705:5)
#380    ComponentElement.mount (package:flutter/src/widgets/framework.dart:5699:5)
#381    Element.inflateWidget (package:flutter/src/widgets/framework.dart:4548:16)
#382    Element.updateChild (package:flutter/src/widgets/framework.dart:4004:18)
#383    ComponentElement.performRebuild (package:flutter/src/widgets/framework.dart:5747:16)
#384    Element.rebuild (package:flutter/src/widgets/framework.dart:5435:7)
#385    ComponentElement._firstBuild (package:flutter/src/widgets/framework.dart:5705:5)
#386    ComponentElement.mount (package:flutter/src/widgets/framework.dart:5699:5)
#387    Element.inflateWidget (package:flutter/src/widgets/framework.dart:4548:16)
#388    Element.updateChild (package:flutter/src/widgets/framework.dart:4004:18)
#389    ComponentElement.performRebuild (package:flutter/src/widgets/framework.dart:5747:16)
#390    Element.rebuild (package:flutter/src/widgets/framework.dart:5435:7)
#391    ComponentElement._firstBuild (package:flutter/src/widgets/framework.dart:5705:5)
#392    ComponentElement.mount (package:flutter/src/widgets/framework.dart:5699:5)
#393    Element.inflateWidget (package:flutter/src/widgets/framework.dart:4548:16)
#394    Element.updateChild (package:flutter/src/widgets/framework.dart:4004:18)
#395    ComponentElement.performRebuild (package:flutter/src/widgets/framework.dart:5747:16)
#396    Element.rebuild (package:flutter/src/widgets/framework.dart:5435:7)
#397    ComponentElement._firstBuild (package:flutter/src/widgets/framework.dart:5705:5)
#398    ComponentElement.mount (package:flutter/src/widgets/framework.dart:5699:5)
#399    Element.inflateWidget (package:flutter/src/widgets/framework.dart:4548:16)
#400    Element.updateChild (package:flutter/src/widgets/framework.dart:4004:18)
#401    ComponentElement.performRebuild (package:flutter/src/widgets/framework.dart:5747:16)
#402    Element.rebuild (package:flutter/src/widgets/framework.dart:5435:7)
#403    ComponentElement._firstBuild (package:flutter/src/widgets/framework.dart:5705:5)
#404    ComponentElement.mount (package:flutter/src/widgets/framework.dart:5699:5)
#405    Element.inflateWidget (package:flutter/src/widgets/framework.dart:4548:16)
#406    Element.updateChild (package:flutter/src/widgets/framework.dart:4004:18)
#407    ComponentElement.performRebuild (package:flutter/src/widgets/framework.dart:5747:16)
#408    StatefulElement.performRebuild (package:flutter/src/widgets/framework.dart:5884:11)
#409    Element.rebuild (package:flutter/src/widgets/framework.dart:5435:7)
#410    ComponentElement._firstBuild (package:flutter/src/widgets/framework.dart:5705:5)
#411    StatefulElement._firstBuild (package:flutter/src/widgets/framework.dart:5875:11)
#412    ComponentElement.mount (package:flutter/src/widgets/framework.dart:5699:5)
#413    Element.inflateWidget (package:flutter/src/widgets/framework.dart:4548:16)
#414    Element.updateChild (package:flutter/src/widgets/framework.dart:4004:18)
#415    ComponentElement.performRebuild (package:flutter/src/widgets/framework.dart:5747:16)
#416    Element.rebuild (package:flutter/src/widgets/framework.dart:5435:7)
#417    ComponentElement._firstBuild (package:flutter/src/widgets/framework.dart:5705:5)
#418    ComponentElement.mount (package:flutter/src/widgets/framework.dart:5699:5)
#419    Element.inflateWidget (package:flutter/src/widgets/framework.dart:4548:16)
#420    Element.updateChild (package:flutter/src/widgets/framework.dart:4004:18)
#421    ComponentElement.performRebuild (package:flutter/src/widgets/framework.dart:5747:16)
#422    Element.rebuild (package:flutter/src/widgets/framework.dart:5435:7)
#423    ComponentElement._firstBuild (package:flutter/src/widgets/framework.dart:5705:5)
#424    ComponentElement.mount (package:flutter/src/widgets/framework.dart:5699:5)
#425    Element.inflateWidget (package:flutter/src/widgets/framework.dart:4548:16)
#426    Element.updateChild (package:flutter/src/widgets/framework.dart:4004:18)
#427    ComponentElement.performRebuild (package:flutter/src/widgets/framework.dart:5747:16)
#428    StatefulElement.performRebuild (package:flutter/src/widgets/framework.dart:5884:11)
#429    Element.rebuild (package:flutter/src/widgets/framework.dart:5435:7)
#430    ComponentElement._firstBuild (package:flutter/src/widgets/framework.dart:5705:5)
#431    StatefulElement._firstBuild (package:flutter/src/widgets/framework.dart:5875:11)
#432    ComponentElement.mount (package:flutter/src/widgets/framework.dart:5699:5)
#433    Element.inflateWidget (package:flutter/src/widgets/framework.dart:4548:16)
#434    Element.updateChild (package:flutter/src/widgets/framework.dart:4004:18)
#435    SingleChildRenderObjectElement.mount (package:flutter/src/widgets/framework.dart:7018:14)
#436    Element.inflateWidget (package:flutter/src/widgets/framework.dart:4548:16)
#437    Element.updateChild (package:flutter/src/widgets/framework.dart:4004:18)
#438    ComponentElement.performRebuild (package:flutter/src/widgets/framework.dart:5747:16)
#439    StatefulElement.performRebuild (package:flutter/src/widgets/framework.dart:5884:11)
#440    Element.rebuild (package:flutter/src/widgets/framework.dart:5435:7)
#441    ComponentElement._firstBuild (package:flutter/src/widgets/framework.dart:5705:5)
#442    StatefulElement._firstBuild (package:flutter/src/widgets/framework.dart:5875:11)
#443    ComponentElement.mount (package:flutter/src/widgets/framework.dart:5699:5)
#444    Element.inflateWidget (package:flutter/src/widgets/framework.dart:4548:16)
#445    Element.updateChild (package:flutter/src/widgets/framework.dart:4004:18)
#446    ComponentElement.performRebuild (package:flutter/src/widgets/framework.dart:5747:16)
#447    Element.rebuild (package:flutter/src/widgets/framework.dart:5435:7)
#448    ComponentElement._firstBuild (package:flutter/src/widgets/framework.dart:5705:5)
#449    ComponentElement.mount (package:flutter/src/widgets/framework.dart:5699:5)
#450    Element.inflateWidget (package:flutter/src/widgets/framework.dart:4548:16)
#451    Element.updateChild (package:flutter/src/widgets/framework.dart:4004:18)
#452    ComponentElement.performRebuild (package:flutter/src/widgets/framework.dart:5747:16)
#453    Element.rebuild (package:flutter/src/widgets/framework.dart:5435:7)
#454    ComponentElement._firstBuild (package:flutter/src/widgets/framework.dart:5705:5)
#455    ComponentElement.mount (package:flutter/src/widgets/framework.dart:5699:5)
#456    Element.inflateWidget (package:flutter/src/widgets/framework.dart:4548:16)
#457    Element.updateChild (package:flutter/src/widgets/framework.dart:4004:18)
#458    ComponentElement.performRebuild (package:flutter/src/widgets/framework.dart:5747:16)
#459    Element.rebuild (package:flutter/src/widgets/framework.dart:5435:7)
#460    ComponentElement._firstBuild (package:flutter/src/widgets/framework.dart:5705:5)
#461    ComponentElement.mount (package:flutter/src/widgets/framework.dart:5699:5)
#462    Element.inflateWidget (package:flutter/src/widgets/framework.dart:4548:16)
#463    Element.updateChild (package:flutter/src/widgets/framework.dart:4004:18)
#464    ComponentElement.performRebuild (package:flutter/src/widgets/framework.dart:5747:16)
#465    Element.rebuild (package:flutter/src/widgets/framework.dart:5435:7)
#466    ComponentElement._firstBuild (package:flutter/src/widgets/framework.dart:5705:5)
#467    ComponentElement.mount (package:flutter/src/widgets/framework.dart:5699:5)
#468    Element.inflateWidget (package:flutter/src/widgets/framework.dart:4548:16)
#469    Element.updateChild (package:flutter/src/widgets/framework.dart:4004:18)
#470    SingleChildRenderObjectElement.mount (package:flutter/src/widgets/framework.dart:7018:14)
#471    Element.inflateWidget (package:flutter/src/widgets/framework.dart:4548:16)
#472    Element.updateChild (package:flutter/src/widgets/framework.dart:4004:18)
#473    ComponentElement.performRebuild (package:flutter/src/widgets/framework.dart:5747:16)
#474    StatefulElement.performRebuild (package:flutter/src/widgets/framework.dart:5884:11)
#475    Element.rebuild (package:flutter/src/widgets/framework.dart:5435:7)
#476    ComponentElement._firstBuild (package:flutter/src/widgets/framework.dart:5705:5)
#477    StatefulElement._firstBuild (package:flutter/src/widgets/framework.dart:5875:11)
#478    ComponentElement.mount (package:flutter/src/widgets/framework.dart:5699:5)
#479    Element.inflateWidget (package:flutter/src/widgets/framework.dart:4548:16)
#480    Element.updateChild (package:flutter/src/widgets/framework.dart:4004:18)
#481    ComponentElement.performRebuild (package:flutter/src/widgets/framework.dart:5747:16)
#482    StatefulElement.performRebuild (package:flutter/src/widgets/framework.dart:5884:11)
#483    Element.rebuild (package:flutter/src/widgets/framework.dart:5435:7)
#484    ComponentElement._firstBuild (package:flutter/src/widgets/framework.dart:5705:5)
#485    StatefulElement._firstBuild (package:flutter/src/widgets/framework.dart:5875:11)
#486    ComponentElement.mount (package:flutter/src/widgets/framework.dart:5699:5)
#487    Element.inflateWidget (package:flutter/src/widgets/framework.dart:4548:16)
#488    Element.updateChild (package:flutter/src/widgets/framework.dart:4004:18)
#489    SingleChildRenderObjectElement.mount (package:flutter/src/widgets/framework.dart:7018:14)
#490    Element.inflateWidget (package:flutter/src/widgets/framework.dart:4548:16)
#491    Element.updateChild (package:flutter/src/widgets/framework.dart:4004:18)
#492    ComponentElement.performRebuild (package:flutter/src/widgets/framework.dart:5747:16)
#493    Element.rebuild (package:flutter/src/widgets/framework.dart:5435:7)
#494    ComponentElement._firstBuild (package:flutter/src/widgets/framework.dart:5705:5)
#495    ComponentElement.mount (package:flutter/src/widgets/framework.dart:5699:5)
#496    Element.inflateWidget (package:flutter/src/widgets/framework.dart:4548:16)
#497    Element.updateChild (package:flutter/src/widgets/framework.dart:4004:18)
#498    ComponentElement.performRebuild (package:flutter/src/widgets/framework.dart:5747:16)
#499    StatefulElement.performRebuild (package:flutter/src/widgets/framework.dart:5884:11)
#500    Element.rebuild (package:flutter/src/widgets/framework.dart:5435:7)
#501    ComponentElement._firstBuild (package:flutter/src/widgets/framework.dart:5705:5)
#502    StatefulElement._firstBuild (package:flutter/src/widgets/framework.dart:5875:11)
#503    ComponentElement.mount (package:flutter/src/widgets/framework.dart:5699:5)
#504    Element.inflateWidget (package:flutter/src/widgets/framework.dart:4548:16)
#505    Element.updateChild (package:flutter/src/widgets/framework.dart:4004:18)
#506    ComponentElement.performRebuild (package:flutter/src/widgets/framework.dart:5747:16)
#507    StatefulElement.performRebuild (package:flutter/src/widgets/framework.dart:5884:11)
#508    Element.rebuild (package:flutter/src/widgets/framework.dart:5435:7)
#509    ComponentElement._firstBuild (package:flutter/src/widgets/framework.dart:5705:5)
#510    StatefulElement._firstBuild (package:flutter/src/widgets/framework.dart:5875:11)
#511    ComponentElement.mount (package:flutter/src/widgets/framework.dart:5699:5)
#512    Element.inflateWidget (package:flutter/src/widgets/framework.dart:4548:16)
#513    Element.updateChild (package:flutter/src/widgets/framework.dart:4004:18)
#514    ComponentElement.performRebuild (package:flutter/src/widgets/framework.dart:5747:16)
#515    Element.rebuild (package:flutter/src/widgets/framework.dart:5435:7)
#516    ComponentElement._firstBuild (package:flutter/src/widgets/framework.dart:5705:5)
#517    ComponentElement.mount (package:flutter/src/widgets/framework.dart:5699:5)
#518    Element.inflateWidget (package:flutter/src/widgets/framework.dart:4548:16)
#519    Element.updateChild (package:flutter/src/widgets/framework.dart:4004:18)
#520    ComponentElement.performRebuild (package:flutter/src/widgets/framework.dart:5747:16)
#521    StatefulElement.performRebuild (package:flutter/src/widgets/framework.dart:5884:11)
#522    Element.rebuild (package:flutter/src/widgets/framework.dart:5435:7)
#523    ComponentElement._firstBuild (package:flutter/src/widgets/framework.dart:5705:5)
#524    StatefulElement._firstBuild (package:flutter/src/widgets/framework.dart:5875:11)
#525    ComponentElement.mount (package:flutter/src/widgets/framework.dart:5699:5)
#526    Element.inflateWidget (package:flutter/src/widgets/framework.dart:4548:16)
#527    Element.updateChild (package:flutter/src/widgets/framework.dart:4004:18)
#528    SingleChildRenderObjectElement.mount (package:flutter/src/widgets/framework.dart:7018:14)
#529    Element.inflateWidget (package:flutter/src/widgets/framework.dart:4548:16)
#530    Element.updateChild (package:flutter/src/widgets/framework.dart:4004:18)
#531    ComponentElement.performRebuild (package:flutter/src/widgets/framework.dart:5747:16)
#532    Element.rebuild (package:flutter/src/widgets/framework.dart:5435:7)
#533    ComponentElement._firstBuild (package:flutter/src/widgets/framework.dart:5705:5)
#534    ComponentElement.mount (package:flutter/src/widgets/framework.dart:5699:5)
#535    Element.inflateWidget (package:flutter/src/widgets/framework.dart:4548:16)
#536    Element.updateChild (package:flutter/src/widgets/framework.dart:4004:18)
#537    ComponentElement.performRebuild (package:flutter/src/widgets/framework.dart:5747:16)
#538    StatefulElement.performRebuild (package:flutter/src/widgets/framework.dart:5884:11)
#539    Element.rebuild (package:flutter/src/widgets/framework.dart:5435:7)
#540    ComponentElement._firstBuild (package:flutter/src/widgets/framework.dart:5705:5)
#541    StatefulElement._firstBuild (package:flutter/src/widgets/framework.dart:5875:11)
#542    ComponentElement.mount (package:flutter/src/widgets/framework.dart:5699:5)
#543    Element.inflateWidget (package:flutter/src/widgets/framework.dart:4548:16)
#544    Element.updateChild (package:flutter/src/widgets/framework.dart:4004:18)
#545    ComponentElement.performRebuild (package:flutter/src/widgets/framework.dart:5747:16)
#546    StatefulElement.performRebuild (package:flutter/src/widgets/framework.dart:5884:11)
#547    Element.rebuild (package:flutter/src/widgets/framework.dart:5435:7)
#548    ComponentElement._firstBuild (package:flutter/src/widgets/framework.dart:5705:5)
#549    StatefulElement._firstBuild (package:flutter/src/widgets/framework.dart:5875:11)
#550    ComponentElement.mount (package:flutter/src/widgets/framework.dart:5699:5)
#551    Element.inflateWidget (package:flutter/src/widgets/framework.dart:4548:16)
#552    Element.updateChild (package:flutter/src/widgets/framework.dart:4004:18)
#553    ComponentElement.performRebuild (package:flutter/src/widgets/framework.dart:5747:16)
#554    Element.rebuild (package:flutter/src/widgets/framework.dart:5435:7)
#555    ComponentElement._firstBuild (package:flutter/src/widgets/framework.dart:5705:5)
#556    ComponentElement.mount (package:flutter/src/widgets/framework.dart:5699:5)
#557    Element.inflateWidget (package:flutter/src/widgets/framework.dart:4548:16)
#558    Element.updateChild (package:flutter/src/widgets/framework.dart:4004:18)
#559    ComponentElement.performRebuild (package:flutter/src/widgets/framework.dart:5747:16)
#560    StatefulElement.performRebuild (package:flutter/src/widgets/framework.dart:5884:11)
#561    Element.rebuild (package:flutter/src/widgets/framework.dart:5435:7)
#562    ComponentElement._firstBuild (package:flutter/src/widgets/framework.dart:5705:5)
#563    StatefulElement._firstBuild (package:flutter/src/widgets/framework.dart:5875:11)
#564    ComponentElement.mount (package:flutter/src/widgets/framework.dart:5699:5)
#565    Element.inflateWidget (package:flutter/src/widgets/framework.dart:4548:16)
#566    Element.updateChild (package:flutter/src/widgets/framework.dart:4004:18)
#567    SingleChildRenderObjectElement.mount (package:flutter/src/widgets/framework.dart:7018:14)
#568    Element.inflateWidget (package:flutter/src/widgets/framework.dart:4548:16)
#569    Element.updateChild (package:flutter/src/widgets/framework.dart:4004:18)
#570    ComponentElement.performRebuild (package:flutter/src/widgets/framework.dart:5747:16)
#571    Element.rebuild (package:flutter/src/widgets/framework.dart:5435:7)
#572    ComponentElement._firstBuild (package:flutter/src/widgets/framework.dart:5705:5)
#573    ComponentElement.mount (package:flutter/src/widgets/framework.dart:5699:5)
#574    Element.inflateWidget (package:flutter/src/widgets/framework.dart:4548:16)
#575    Element.updateChild (package:flutter/src/widgets/framework.dart:4004:18)
#576    ComponentElement.performRebuild (package:flutter/src/widgets/framework.dart:5747:16)
#577    StatefulElement.performRebuild (package:flutter/src/widgets/framework.dart:5884:11)
#578    Element.rebuild (package:flutter/src/widgets/framework.dart:5435:7)
#579    ComponentElement._firstBuild (package:flutter/src/widgets/framework.dart:5705:5)
#580    StatefulElement._firstBuild (package:flutter/src/widgets/framework.dart:5875:11)
#581    ComponentElement.mount (package:flutter/src/widgets/framework.dart:5699:5)
#582    Element.inflateWidget (package:flutter/src/widgets/framework.dart:4548:16)
#583    Element.updateChild (package:flutter/src/widgets/framework.dart:4004:18)
#584    ComponentElement.performRebuild (package:flutter/src/widgets/framework.dart:5747:16)
#585    StatefulElement.performRebuild (package:flutter/src/widgets/framework.dart:5884:11)
#586    Element.rebuild (package:flutter/src/widgets/framework.dart:5435:7)
#587    ComponentElement._firstBuild (package:flutter/src/widgets/framework.dart:5705:5)
#588    StatefulElement._firstBuild (package:flutter/src/widgets/framework.dart:5875:11)
#589    ComponentElement.mount (package:flutter/src/widgets/framework.dart:5699:5)
#590    Element.inflateWidget (package:flutter/src/widgets/framework.dart:4548:16)
#591    Element.updateChild (package:flutter/src/widgets/framework.dart:4004:18)
#592    ComponentElement.performRebuild (package:flutter/src/widgets/framework.dart:5747:16)
#593    Element.rebuild (package:flutter/src/widgets/framework.dart:5435:7)
#594    ComponentElement._firstBuild (package:flutter/src/widgets/framework.dart:5705:5)
#595    ComponentElement.mount (package:flutter/src/widgets/framework.dart:5699:5)
#596    Element.inflateWidget (package:flutter/src/widgets/framework.dart:4548:16)
#597    Element.updateChild (package:flutter/src/widgets/framework.dart:4004:18)
#598    SingleChildRenderObjectElement.mount (package:flutter/src/widgets/framework.dart:7018:14)
#599    Element.inflateWidget (package:flutter/src/widgets/framework.dart:4548:16)
#600    Element.updateChild (package:flutter/src/widgets/framework.dart:4004:18)
#601    ComponentElement.performRebuild (package:flutter/src/widgets/framework.dart:5747:16)
#602    Element.rebuild (package:flutter/src/widgets/framework.dart:5435:7)
#603    ComponentElement._firstBuild (package:flutter/src/widgets/framework.dart:5705:5)
#604    ComponentElement.mount (package:flutter/src/widgets/framework.dart:5699:5)
#605    Element.inflateWidget (package:flutter/src/widgets/framework.dart:4548:16)
#606    Element.updateChild (package:flutter/src/widgets/framework.dart:4004:18)
#607    ComponentElement.performRebuild (package:flutter/src/widgets/framework.dart:5747:16)
#608    StatefulElement.performRebuild (package:flutter/src/widgets/framework.dart:5884:11)
#609    Element.rebuild (package:flutter/src/widgets/framework.dart:5435:7)
#610    ComponentElement._firstBuild (package:flutter/src/widgets/framework.dart:5705:5)
#611    StatefulElement._firstBuild (package:flutter/src/widgets/framework.dart:5875:11)
#612    ComponentElement.mount (package:flutter/src/widgets/framework.dart:5699:5)
#613    Element.inflateWidget (package:flutter/src/widgets/framework.dart:4548:16)
#614    Element.updateChild (package:flutter/src/widgets/framework.dart:4004:18)
#615    ComponentElement.performRebuild (package:flutter/src/widgets/framework.dart:5747:16)
#616    StatefulElement.performRebuild (package:flutter/src/widgets/framework.dart:5884:11)
#617    Element.rebuild (package:flutter/src/widgets/framework.dart:5435:7)
#618    ComponentElement._firstBuild (package:flutter/src/widgets/framework.dart:5705:5)
#619    StatefulElement._firstBuild (package:flutter/src/widgets/framework.dart:5875:11)
#620    ComponentElement.mount (package:flutter/src/widgets/framework.dart:5699:5)
#621    Element.inflateWidget (package:flutter/src/widgets/framework.dart:4548:16)
#622    Element.updateChild (package:flutter/src/widgets/framework.dart:4004:18)
#623    ComponentElement.performRebuild (package:flutter/src/widgets/framework.dart:5747:16)
#624    Element.rebuild (package:flutter/src/widgets/framework.dart:5435:7)
#625    ComponentElement._firstBuild (package:flutter/src/widgets/framework.dart:5705:5)
#626    ComponentElement.mount (package:flutter/src/widgets/framework.dart:5699:5)
#627    Element.inflateWidget (package:flutter/src/widgets/framework.dart:4548:16)
#628    Element.updateChild (package:flutter/src/widgets/framework.dart:4004:18)
#629    ComponentElement.performRebuild (package:flutter/src/widgets/framework.dart:5747:16)
#630    Element.rebuild (package:flutter/src/widgets/framework.dart:5435:7)
#631    ComponentElement._firstBuild (package:flutter/src/widgets/framework.dart:5705:5)
#632    ComponentElement.mount (package:flutter/src/widgets/framework.dart:5699:5)
#633    Element.inflateWidget (package:flutter/src/widgets/framework.dart:4548:16)
#634    Element.updateChild (package:flutter/src/widgets/framework.dart:4004:18)
#635    ComponentElement.performRebuild (package:flutter/src/widgets/framework.dart:5747:16)
#636    StatefulElement.performRebuild (package:flutter/src/widgets/framework.dart:5884:11)
#637    Element.rebuild (package:flutter/src/widgets/framework.dart:5435:7)
#638    ComponentElement._firstBuild (package:flutter/src/widgets/framework.dart:5705:5)
#639    StatefulElement._firstBuild (package:flutter/src/widgets/framework.dart:5875:11)
#640    ComponentElement.mount (package:flutter/src/widgets/framework.dart:5699:5)
#641    Element.inflateWidget (package:flutter/src/widgets/framework.dart:4548:16)
#642    Element.updateChild (package:flutter/src/widgets/framework.dart:4004:18)
#643    ComponentElement.performRebuild (package:flutter/src/widgets/framework.dart:5747:16)
#644    Element.rebuild (package:flutter/src/widgets/framework.dart:5435:7)
#645    ComponentElement._firstBuild (package:flutter/src/widgets/framework.dart:5705:5)
#646    ComponentElement.mount (package:flutter/src/widgets/framework.dart:5699:5)
#647    Element.inflateWidget (package:flutter/src/widgets/framework.dart:4548:16)
#648    Element.updateChild (package:flutter/src/widgets/framework.dart:4004:18)
#649    ComponentElement.performRebuild (package:flutter/src/widgets/framework.dart:5747:16)
#650    StatefulElement.performRebuild (package:flutter/src/widgets/framework.dart:5884:11)
#651    Element.rebuild (package:flutter/src/widgets/framework.dart:5435:7)
#652    ComponentElement._firstBuild (package:flutter/src/widgets/framework.dart:5705:5)
#653    StatefulElement._firstBuild (package:flutter/src/widgets/framework.dart:5875:11)
#654    ComponentElement.mount (package:flutter/src/widgets/framework.dart:5699:5)
#655    Element.inflateWidget (package:flutter/src/widgets/framework.dart:4548:16)
#656    Element.updateChild (package:flutter/src/widgets/framework.dart:4004:18)
#657    ComponentElement.performRebuild (package:flutter/src/widgets/framework.dart:5747:16)
#658    Element.rebuild (package:flutter/src/widgets/framework.dart:5435:7)
#659    ComponentElement._firstBuild (package:flutter/src/widgets/framework.dart:5705:5)
#660    ComponentElement.mount (package:flutter/src/widgets/framework.dart:5699:5)
#661    Element.inflateWidget (package:flutter/src/widgets/framework.dart:4548:16)
#662    Element.updateChild (package:flutter/src/widgets/framework.dart:4004:18)
#663    ComponentElement.performRebuild (package:flutter/src/widgets/framework.dart:5747:16)
#664    StatefulElement.performRebuild (package:flutter/src/widgets/framework.dart:5884:11)
#665    Element.rebuild (package:flutter/src/widgets/framework.dart:5435:7)
#666    ComponentElement._firstBuild (package:flutter/src/widgets/framework.dart:5705:5)
#667    StatefulElement._firstBuild (package:flutter/src/widgets/framework.dart:5875:11)
#668    ComponentElement.mount (package:flutter/src/widgets/framework.dart:5699:5)
#669    Element.inflateWidget (package:flutter/src/widgets/framework.dart:4548:16)
#670    Element.updateChild (package:flutter/src/widgets/framework.dart:4004:18)
#671    ComponentElement.performRebuild (package:flutter/src/widgets/framework.dart:5747:16)
#672    StatefulElement.performRebuild (package:flutter/src/widgets/framework.dart:5884:11)
#673    Element.rebuild (package:flutter/src/widgets/framework.dart:5435:7)
#674    ComponentElement._firstBuild (package:flutter/src/widgets/framework.dart:5705:5)
#675    StatefulElement._firstBuild (package:flutter/src/widgets/framework.dart:5875:11)
#676    ComponentElement.mount (package:flutter/src/widgets/framework.dart:5699:5)
#677    Element.inflateWidget (package:flutter/src/widgets/framework.dart:4548:16)
#678    Element.updateChild (package:flutter/src/widgets/framework.dart:4004:18)
#679    SingleChildRenderObjectElement.mount (package:flutter/src/widgets/framework.dart:7018:14)
#680    Element.inflateWidget (package:flutter/src/widgets/framework.dart:4548:16)
#681    Element.updateChild (package:flutter/src/widgets/framework.dart:4004:18)
#682    ComponentElement.performRebuild (package:flutter/src/widgets/framework.dart:5747:16)
#683    Element.rebuild (package:flutter/src/widgets/framework.dart:5435:7)
#684    ComponentElement._firstBuild (package:flutter/src/widgets/framework.dart:5705:5)
#685    ComponentElement.mount (package:flutter/src/widgets/framework.dart:5699:5)
#686    Element.inflateWidget (package:flutter/src/widgets/framework.dart:4548:16)
#687    Element.updateChild (package:flutter/src/widgets/framework.dart:4004:18)
#688    ComponentElement.performRebuild (package:flutter/src/widgets/framework.dart:5747:16)
#689    StatefulElement.performRebuild (package:flutter/src/widgets/framework.dart:5884:11)
#690    Element.rebuild (package:flutter/src/widgets/framework.dart:5435:7)
#691    ComponentElement._firstBuild (package:flutter/src/widgets/framework.dart:5705:5)
#692    StatefulElement._firstBuild (package:flutter/src/widgets/framework.dart:5875:11)
#693    ComponentElement.mount (package:flutter/src/widgets/framework.dart:5699:5)
#694    Element.inflateWidget (package:flutter/src/widgets/framework.dart:4548:16)
#695    Element.updateChild (package:flutter/src/widgets/framework.dart:4004:18)
#696    ComponentElement.performRebuild (package:flutter/src/widgets/framework.dart:5747:16)
#697    Element.rebuild (package:flutter/src/widgets/framework.dart:5435:7)
#698    ComponentElement._firstBuild (package:flutter/src/widgets/framework.dart:5705:5)
#699    ComponentElement.mount (package:flutter/src/widgets/framework.dart:5699:5)
#700    Element.inflateWidget (package:flutter/src/widgets/framework.dart:4548:16)
#701    Element.updateChild (package:flutter/src/widgets/framework.dart:4004:18)
#702    ComponentElement.performRebuild (package:flutter/src/widgets/framework.dart:5747:16)
#703    Element.rebuild (package:flutter/src/widgets/framework.dart:5435:7)
#704    ComponentElement._firstBuild (package:flutter/src/widgets/framework.dart:5705:5)
#705    ComponentElement.mount (package:flutter/src/widgets/framework.dart:5699:5)
#706    Element.inflateWidget (package:flutter/src/widgets/framework.dart:4548:16)
#707    Element.updateChild (package:flutter/src/widgets/framework.dart:4004:18)
#708    ComponentElement.performRebuild (package:flutter/src/widgets/framework.dart:5747:16)
#709    StatefulElement.performRebuild (package:flutter/src/widgets/framework.dart:5884:11)
#710    Element.rebuild (package:flutter/src/widgets/framework.dart:5435:7)
#711    ComponentElement._firstBuild (package:flutter/src/widgets/framework.dart:5705:5)
#712    StatefulElement._firstBuild (package:flutter/src/widgets/framework.dart:5875:11)
#713    ComponentElement.mount (package:flutter/src/widgets/framework.dart:5699:5)
#714    Element.inflateWidget (package:flutter/src/widgets/framework.dart:4548:16)
#715    Element.updateChild (package:flutter/src/widgets/framework.dart:4004:18)
#716    ComponentElement.performRebuild (package:flutter/src/widgets/framework.dart:5747:16)
#717    Element.rebuild (package:flutter/src/widgets/framework.dart:5435:7)
#718    ComponentElement._firstBuild (package:flutter/src/widgets/framework.dart:5705:5)
#719    ComponentElement.mount (package:flutter/src/widgets/framework.dart:5699:5)
#720    Element.inflateWidget (package:flutter/src/widgets/framework.dart:4548:16)
#721    Element.updateChild (package:flutter/src/widgets/framework.dart:4004:18)
#722    ComponentElement.performRebuild (package:flutter/src/widgets/framework.dart:5747:16)
#723    StatefulElement.performRebuild (package:flutter/src/widgets/framework.dart:5884:11)
#724    Element.rebuild (package:flutter/src/widgets/framework.dart:5435:7)
#725    ComponentElement._firstBuild (package:flutter/src/widgets/framework.dart:5705:5)
#726    StatefulElement._firstBuild (package:flutter/src/widgets/framework.dart:5875:11)
#727    ComponentElement.mount (package:flutter/src/widgets/framework.dart:5699:5)
#728    Element.inflateWidget (package:flutter/src/widgets/framework.dart:4548:16)
#729    Element.updateChild (package:flutter/src/widgets/framework.dart:4004:18)
#730    ComponentElement.performRebuild (package:flutter/src/widgets/framework.dart:5747:16)
#731    StatefulElement.performRebuild (package:flutter/src/widgets/framework.dart:5884:11)
#732    Element.rebuild (package:flutter/src/widgets/framework.dart:5435:7)
#733    ComponentElement._firstBuild (package:flutter/src/widgets/framework.dart:5705:5)
#734    StatefulElement._firstBuild (package:flutter/src/widgets/framework.dart:5875:11)
#735    ComponentElement.mount (package:flutter/src/widgets/framework.dart:5699:5)
#736    Element.inflateWidget (package:flutter/src/widgets/framework.dart:4548:16)
#737    Element.updateChild (package:flutter/src/widgets/framework.dart:3998:20)
#738    ComponentElement.performRebuild (package:flutter/src/widgets/framework.dart:5747:16)
#739    Element.rebuild (package:flutter/src/widgets/framework.dart:5435:7)
#740    ProxyElement.update (package:flutter/src/widgets/framework.dart:6051:5)
#741    _InheritedNotifierElement.update (package:flutter/src/widgets/inherited_notifier.dart:108:11)
#742    Element.updateChild (package:flutter/src/widgets/framework.dart:3982:15)
#743    ComponentElement.performRebuild (package:flutter/src/widgets/framework.dart:5747:16)
#744    StatefulElement.performRebuild (package:flutter/src/widgets/framework.dart:5884:11)
#745    Element.rebuild (package:flutter/src/widgets/framework.dart:5435:7)
#746    StatefulElement.update (package:flutter/src/widgets/framework.dart:5909:5)
#747    Element.updateChild (package:flutter/src/widgets/framework.dart:3982:15)
#748    ComponentElement.performRebuild (package:flutter/src/widgets/framework.dart:5747:16)
#749    Element.rebuild (package:flutter/src/widgets/framework.dart:5435:7)
#750    ProxyElement.update (package:flutter/src/widgets/framework.dart:6051:5)
#751    _InheritedNotifierElement.update (package:flutter/src/widgets/inherited_notifier.dart:108:11)
#752    Element.updateChild (package:flutter/src/widgets/framework.dart:3982:15)
#753    ComponentElement.performRebuild (package:flutter/src/widgets/framework.dart:5747:16)
#754    StatefulElement.performRebuild (package:flutter/src/widgets/framework.dart:5884:11)
#755    Element.rebuild (package:flutter/src/widgets/framework.dart:5435:7)
#756    StatefulElement.update (package:flutter/src/widgets/framework.dart:5909:5)
#757    Element.updateChild (package:flutter/src/widgets/framework.dart:3982:15)
#758    ComponentElement.performRebuild (package:flutter/src/widgets/framework.dart:5747:16)
#759    StatefulElement.performRebuild (package:flutter/src/widgets/framework.dart:5884:11)
#760    Element.rebuild (package:flutter/src/widgets/framework.dart:5435:7)
#761    StatefulElement.update (package:flutter/src/widgets/framework.dart:5909:5)
#762    Element.updateChild (package:flutter/src/widgets/framework.dart:3982:15)
#763    ComponentElement.performRebuild (package:flutter/src/widgets/framework.dart:5747:16)
#764    Element.rebuild (package:flutter/src/widgets/framework.dart:5435:7)
#765    ProxyElement.update (package:flutter/src/widgets/framework.dart:6051:5)
#766    Element.updateChild (package:flutter/src/widgets/framework.dart:3982:15)
#767    ComponentElement.performRebuild (package:flutter/src/widgets/framework.dart:5747:16)
#768    StatefulElement.performRebuild (package:flutter/src/widgets/framework.dart:5884:11)
#769    Element.rebuild (package:flutter/src/widgets/framework.dart:5435:7)
#770    StatefulElement.update (package:flutter/src/widgets/framework.dart:5909:5)
#771    Element.updateChild (package:flutter/src/widgets/framework.dart:3982:15)
#772    ComponentElement.performRebuild (package:flutter/src/widgets/framework.dart:5747:16)
#773    Element.rebuild (package:flutter/src/widgets/framework.dart:5435:7)
#774    ProxyElement.update (package:flutter/src/widgets/framework.dart:6051:5)
#775    Element.updateChild (package:flutter/src/widgets/framework.dart:3982:15)
#776    ComponentElement.performRebuild (package:flutter/src/widgets/framework.dart:5747:16)
#777    Element.rebuild (package:flutter/src/widgets/framework.dart:5435:7)
#778    ProxyElement.update (package:flutter/src/widgets/framework.dart:6051:5)
#779    Element.updateChild (package:flutter/src/widgets/framework.dart:3982:15)
#780    _RawViewElement._updateChild (package:flutter/src/widgets/view.dart:481:16)
#781    _RawViewElement.update (package:flutter/src/widgets/view.dart:568:5)
#782    Element.updateChild (package:flutter/src/widgets/framework.dart:3982:15)
#783    ComponentElement.performRebuild (package:flutter/src/widgets/framework.dart:5747:16)
#784    Element.rebuild (package:flutter/src/widgets/framework.dart:5435:7)
#785    StatelessElement.update (package:flutter/src/widgets/framework.dart:5797:5)
#786    Element.updateChild (package:flutter/src/widgets/framework.dart:3982:15)
#787    ComponentElement.performRebuild (package:flutter/src/widgets/framework.dart:5747:16)
#788    StatefulElement.performRebuild (package:flutter/src/widgets/framework.dart:5884:11)
#789    Element.rebuild (package:flutter/src/widgets/framework.dart:5435:7)
#790    StatefulElement.update (package:flutter/src/widgets/framework.dart:5909:5)
#791    Element.updateChild (package:flutter/src/widgets/framework.dart:3982:15)
#792    RootElement._rebuild (package:flutter/src/widgets/binding.dart:1716:16)
#793    RootElement.update (package:flutter/src/widgets/binding.dart:1694:5)
#794    RootElement.performRebuild (package:flutter/src/widgets/binding.dart:1708:7)
#795    Element.rebuild (package:flutter/src/widgets/framework.dart:5435:7)
#796    BuildScope._tryRebuild (package:flutter/src/widgets/framework.dart:2695:15)
#797    BuildScope._flushDirtyElements (package:flutter/src/widgets/framework.dart:2752:11)
#798    BuildOwner.buildScope (package:flutter/src/widgets/framework.dart:3056:18)
#799    AutomatedTestWidgetsFlutterBinding.drawFrame (package:flutter_test/src/binding.dart:1506:19)
#800    RendererBinding._handlePersistentFrameCallback (package:flutter/src/rendering/binding.dart:495:5)
#801    SchedulerBinding._invokeFrameCallback (package:flutter/src/scheduler/binding.dart:1434:15)
#802    SchedulerBinding.handleDrawFrame (package:flutter/src/scheduler/binding.dart:1347:9)
#803    AutomatedTestWidgetsFlutterBinding.pump.<anonymous closure> (package:flutter_test/src/binding.dart:1335:9)
#804    _rootRun (dart:async/zone.dart:1525:13)
#805    _CustomZone.run (dart:async/zone.dart:1422:19)
#806    TestAsyncUtils.guard (package:flutter_test/src/test_async_utils.dart:74:41)
#807    AutomatedTestWidgetsFlutterBinding.pump (package:flutter_test/src/binding.dart:1324:27)
#808    WidgetTester.pumpWidget.<anonymous closure> (package:flutter_test/src/widget_tester.dart:598:22)
#809    _rootRun (dart:async/zone.dart:1525:13)
#810    _CustomZone.run (dart:async/zone.dart:1422:19)
#811    TestAsyncUtils.guard (package:flutter_test/src/test_async_utils.dart:74:41)
#812    WidgetTester.pumpWidget (package:flutter_test/src/widget_tester.dart:595:27)
#813    main.<anonymous closure> (file:///D:/study/college/gradution_project/Seasonal-job-matching-platform-/test/screens/home_screen_test.dart:122:18)
#814    testWidgets.<anonymous closure>.<anonymous closure> (package:flutter_test/src/widget_tester.dart:192:29)
<asynchronous suspension>
#815    TestWidgetsFlutterBinding._runTestBody (package:flutter_test/src/binding.dart:1059:5)
<asynchronous suspension>
#816    StackZoneSpecification._registerCallback.<anonymous closure> (package:stack_trace/src/stack_zone_specification.dart:114:42)
<asynchronous suspension>
, retrying)
MockRecommendedJobsNotifier build called
RecommendedValue: AsyncLoading<RecommendedJobsResponse>(error: Network Error, stackTrace: #0      MockRecommendedJobsNotifier.build (file:///D:/study/college/gradution_project/Seasonal-job-matching-platform-/test/screens/home_screen_test.dart:161:7)
#1      AsyncNotifier.runBuild (package:riverpod/src/providers/async_notifier/orphan.dart:38:21)
#2      $ClassProviderElement.create (package:riverpod/src/core/provider/notifier_provider.dart:561:26)
#3      ProviderElement.buildState (package:riverpod/src/core/element.dart:665:28)
#4      ProviderElement._performRebuild (package:riverpod/src/core/element.dart:568:7)
#5      ProviderElement.flush (package:riverpod/src/core/element.dart:626:7)
#6      ProviderScheduler._performRefresh (package:riverpod/src/core/scheduler.dart:132:37)
#7      ProviderScheduler._task (package:riverpod/src/core/scheduler.dart:106:5)
#8      Task.call (package:riverpod/src/core/scheduler.dart:14:16)
#9      _UncontrolledProviderScopeState._callTask (package:flutter_riverpod/src/core/provider_scope.dart:292:11)
#10     _UncontrolledProviderScopeState._flutterVsync.<anonymous closure>.<anonymous closure> (package:flutter_riverpod/src/core/provider_scope.dart:324:9)
#11     StackZoneSpecification._run (package:stack_trace/src/stack_zone_specification.dart:207:15)
#12     StackZoneSpecification._registerCallback.<anonymous closure> (package:stack_trace/src/stack_zone_specification.dart:114:48)
#13     _rootRun (dart:async/zone.dart:1517:47)
#14     _CustomZone.run (dart:async/zone.dart:1422:19)
#15     _CustomZone.runGuarded (dart:async/zone.dart:1321:7)
#16     _CustomZone.bindCallbackGuarded.<anonymous closure> (dart:async/zone.dart:1362:23)
#17     _rootRun (dart:async/zone.dart:1525:13)
#18     _CustomZone.run (dart:async/zone.dart:1422:19)
#19     _CustomZone.runGuarded (dart:async/zone.dart:1321:7)
#20     FakeTimer._fire (package:fake_async/fake_async.dart:364:13)
#21     FakeAsync._fireTimersWhile (package:fake_async/fake_async.dart:247:13)
#22     FakeAsync.elapse (package:fake_async/fake_async.dart:141:5)
#23     AutomatedTestWidgetsFlutterBinding.pump.<anonymous closure> (package:flutter_test/src/binding.dart:1328:28)
#24     _rootRun (dart:async/zone.dart:1525:13)
#25     _CustomZone.run (dart:async/zone.dart:1422:19)
#26     TestAsyncUtils.guard (package:flutter_test/src/test_async_utils.dart:74:41)
#27     AutomatedTestWidgetsFlutterBinding.pump (package:flutter_test/src/binding.dart:1324:27)
#28     WidgetTester.pumpAndSettle.<anonymous closure> (package:flutter_test/src/widget_tester.dart:719:23)
<asynchronous suspension>
#29     TestAsyncUtils.guard.<anonymous closure> (package:flutter_test/src/test_async_utils.dart:130:27)
<asynchronous suspension>
#30     main.<anonymous closure> (file:///D:/study/college/gradution_project/Seasonal-job-matching-platform-/test/screens/home_screen_test.dart:142:5)
<asynchronous suspension>
#31     testWidgets.<anonymous closure>.<anonymous closure> (package:flutter_test/src/widget_tester.dart:192:15)
<asynchronous suspension>
#32     TestWidgetsFlutterBinding._runTestBody (package:flutter_test/src/binding.dart:1059:5)
<asynchronous suspension>
#33     StackZoneSpecification._registerCallback.<anonymous closure> (package:stack_trace/src/stack_zone_specification.dart:114:42)
<asynchronous suspension>
, retrying)
MockRecommendedJobsNotifier build called
RecommendedValue: AsyncLoading<RecommendedJobsResponse>(error: Network Error, stackTrace: #0      MockRecommendedJobsNotifier.build (file:///D:/study/college/gradution_project/Seasonal-job-matching-platform-/test/screens/home_screen_test.dart:161:7)
#1      AsyncNotifier.runBuild (package:riverpod/src/providers/async_notifier/orphan.dart:38:21)
#2      $ClassProviderElement.create (package:riverpod/src/core/provider/notifier_provider.dart:561:26)
#3      ProviderElement.buildState (package:riverpod/src/core/element.dart:665:28)
#4      ProviderElement._performRebuild (package:riverpod/src/core/element.dart:568:7)
#5      ProviderElement.flush (package:riverpod/src/core/element.dart:626:7)
#6      ProviderScheduler._performRefresh (package:riverpod/src/core/scheduler.dart:132:37)
#7      ProviderScheduler._task (package:riverpod/src/core/scheduler.dart:106:5)
#8      Task.call (package:riverpod/src/core/scheduler.dart:14:16)
#9      _UncontrolledProviderScopeState._callTask (package:flutter_riverpod/src/core/provider_scope.dart:292:11)
#10     _UncontrolledProviderScopeState._flutterVsync.<anonymous closure>.<anonymous closure> (package:flutter_riverpod/src/core/provider_scope.dart:324:9)
#11     StackZoneSpecification._run (package:stack_trace/src/stack_zone_specification.dart:207:15)
#12     StackZoneSpecification._registerCallback.<anonymous closure> (package:stack_trace/src/stack_zone_specification.dart:114:48)
#13     _rootRun (dart:async/zone.dart:1517:47)
#14     _CustomZone.run (dart:async/zone.dart:1422:19)
#15     _CustomZone.runGuarded (dart:async/zone.dart:1321:7)
#16     _CustomZone.bindCallbackGuarded.<anonymous closure> (dart:async/zone.dart:1362:23)
#17     _rootRun (dart:async/zone.dart:1525:13)
#18     _CustomZone.run (dart:async/zone.dart:1422:19)
#19     _CustomZone.runGuarded (dart:async/zone.dart:1321:7)
#20     FakeTimer._fire (package:fake_async/fake_async.dart:364:13)
#21     FakeAsync._fireTimersWhile (package:fake_async/fake_async.dart:247:13)
#22     FakeAsync.elapse (package:fake_async/fake_async.dart:141:5)
#23     AutomatedTestWidgetsFlutterBinding.pump.<anonymous closure> (package:flutter_test/src/binding.dart:1328:28)
#24     _rootRun (dart:async/zone.dart:1525:13)
#25     _CustomZone.run (dart:async/zone.dart:1422:19)
#26     TestAsyncUtils.guard (package:flutter_test/src/test_async_utils.dart:74:41)
#27     AutomatedTestWidgetsFlutterBinding.pump (package:flutter_test/src/binding.dart:1324:27)
#28     WidgetTester.pumpAndSettle.<anonymous closure> (package:flutter_test/src/widget_tester.dart:719:23)
<asynchronous suspension>
#29     TestAsyncUtils.guard.<anonymous closure> (package:flutter_test/src/test_async_utils.dart:130:27)
<asynchronous suspension>
#30     main.<anonymous closure> (file:///D:/study/college/gradution_project/Seasonal-job-matching-platform-/test/screens/home_screen_test.dart:142:5)
<asynchronous suspension>
#31     testWidgets.<anonymous closure>.<anonymous closure> (package:flutter_test/src/widget_tester.dart:192:15)
<asynchronous suspension>
#32     TestWidgetsFlutterBinding._runTestBody (package:flutter_test/src/binding.dart:1059:5)
<asynchronous suspension>
#33     StackZoneSpecification._registerCallback.<anonymous closure> (package:stack_trace/src/stack_zone_specification.dart:114:42)
<asynchronous suspension>
, retrying)
MockRecommendedJobsNotifier build called
RecommendedValue: AsyncLoading<RecommendedJobsResponse>(error: Network Error, stackTrace: #0      MockRecommendedJobsNotifier.build (file:///D:/study/college/gradution_project/Seasonal-job-matching-platform-/test/screens/home_screen_test.dart:161:7)
#1      AsyncNotifier.runBuild (package:riverpod/src/providers/async_notifier/orphan.dart:38:21)
#2      $ClassProviderElement.create (package:riverpod/src/core/provider/notifier_provider.dart:561:26)
#3      ProviderElement.buildState (package:riverpod/src/core/element.dart:665:28)
#4      ProviderElement._performRebuild (package:riverpod/src/core/element.dart:568:7)
#5      ProviderElement.flush (package:riverpod/src/core/element.dart:626:7)
#6      ProviderScheduler._performRefresh (package:riverpod/src/core/scheduler.dart:132:37)
#7      ProviderScheduler._task (package:riverpod/src/core/scheduler.dart:106:5)
#8      Task.call (package:riverpod/src/core/scheduler.dart:14:16)
#9      _UncontrolledProviderScopeState._callTask (package:flutter_riverpod/src/core/provider_scope.dart:292:11)
#10     _UncontrolledProviderScopeState._flutterVsync.<anonymous closure>.<anonymous closure> (package:flutter_riverpod/src/core/provider_scope.dart:324:9)
#11     StackZoneSpecification._run (package:stack_trace/src/stack_zone_specification.dart:207:15)
#12     StackZoneSpecification._registerCallback.<anonymous closure> (package:stack_trace/src/stack_zone_specification.dart:114:48)
#13     _rootRun (dart:async/zone.dart:1517:47)
#14     _CustomZone.run (dart:async/zone.dart:1422:19)
#15     _CustomZone.runGuarded (dart:async/zone.dart:1321:7)
#16     _CustomZone.bindCallbackGuarded.<anonymous closure> (dart:async/zone.dart:1362:23)
#17     _rootRun (dart:async/zone.dart:1525:13)
#18     _CustomZone.run (dart:async/zone.dart:1422:19)
#19     _CustomZone.runGuarded (dart:async/zone.dart:1321:7)
#20     FakeTimer._fire (package:fake_async/fake_async.dart:364:13)
#21     FakeAsync._fireTimersWhile (package:fake_async/fake_async.dart:247:13)
#22     FakeAsync.elapse (package:fake_async/fake_async.dart:141:5)
#23     AutomatedTestWidgetsFlutterBinding.pump.<anonymous closure> (package:flutter_test/src/binding.dart:1328:28)
#24     _rootRun (dart:async/zone.dart:1525:13)
#25     _CustomZone.run (dart:async/zone.dart:1422:19)
#26     TestAsyncUtils.guard (package:flutter_test/src/test_async_utils.dart:74:41)
#27     AutomatedTestWidgetsFlutterBinding.pump (package:flutter_test/src/binding.dart:1324:27)
#28     WidgetTester.pumpAndSettle.<anonymous closure> (package:flutter_test/src/widget_tester.dart:719:23)
<asynchronous suspension>
#29     TestAsyncUtils.guard.<anonymous closure> (package:flutter_test/src/test_async_utils.dart:130:27)
<asynchronous suspension>
#30     main.<anonymous closure> (file:///D:/study/college/gradution_project/Seasonal-job-matching-platform-/test/screens/home_screen_test.dart:142:5)
<asynchronous suspension>
#31     testWidgets.<anonymous closure>.<anonymous closure> (package:flutter_test/src/widget_tester.dart:192:15)
<asynchronous suspension>
#32     TestWidgetsFlutterBinding._runTestBody (package:flutter_test/src/binding.dart:1059:5)
<asynchronous suspension>
#33     StackZoneSpecification._registerCallback.<anonymous closure> (package:stack_trace/src/stack_zone_specification.dart:114:42)
<asynchronous suspension>
, retrying)
MockRecommendedJobsNotifier build called
RecommendedValue: AsyncLoading<RecommendedJobsResponse>(error: Network Error, stackTrace: #0      MockRecommendedJobsNotifier.build (file:///D:/study/college/gradution_project/Seasonal-job-matching-platform-/test/screens/home_screen_test.dart:161:7)
#1      AsyncNotifier.runBuild (package:riverpod/src/providers/async_notifier/orphan.dart:38:21)
#2      $ClassProviderElement.create (package:riverpod/src/core/provider/notifier_provider.dart:561:26)
#3      ProviderElement.buildState (package:riverpod/src/core/element.dart:665:28)
#4      ProviderElement._performRebuild (package:riverpod/src/core/element.dart:568:7)
#5      ProviderElement.flush (package:riverpod/src/core/element.dart:626:7)
#6      ProviderScheduler._performRefresh (package:riverpod/src/core/scheduler.dart:132:37)
#7      ProviderScheduler._task (package:riverpod/src/core/scheduler.dart:106:5)
#8      Task.call (package:riverpod/src/core/scheduler.dart:14:16)
#9      _UncontrolledProviderScopeState._callTask (package:flutter_riverpod/src/core/provider_scope.dart:292:11)
#10     _UncontrolledProviderScopeState._flutterVsync.<anonymous closure>.<anonymous closure> (package:flutter_riverpod/src/core/provider_scope.dart:324:9)
#11     StackZoneSpecification._run (package:stack_trace/src/stack_zone_specification.dart:207:15)
#12     StackZoneSpecification._registerCallback.<anonymous closure> (package:stack_trace/src/stack_zone_specification.dart:114:48)
#13     _rootRun (dart:async/zone.dart:1517:47)
#14     _CustomZone.run (dart:async/zone.dart:1422:19)
#15     _CustomZone.runGuarded (dart:async/zone.dart:1321:7)
#16     _CustomZone.bindCallbackGuarded.<anonymous closure> (dart:async/zone.dart:1362:23)
#17     _rootRun (dart:async/zone.dart:1525:13)
#18     _CustomZone.run (dart:async/zone.dart:1422:19)
#19     _CustomZone.runGuarded (dart:async/zone.dart:1321:7)
#20     FakeTimer._fire (package:fake_async/fake_async.dart:364:13)
#21     FakeAsync._fireTimersWhile (package:fake_async/fake_async.dart:247:13)
#22     FakeAsync.elapse (package:fake_async/fake_async.dart:141:5)
#23     AutomatedTestWidgetsFlutterBinding.pump.<anonymous closure> (package:flutter_test/src/binding.dart:1328:28)
#24     _rootRun (dart:async/zone.dart:1525:13)
#25     _CustomZone.run (dart:async/zone.dart:1422:19)
#26     TestAsyncUtils.guard (package:flutter_test/src/test_async_utils.dart:74:41)
#27     AutomatedTestWidgetsFlutterBinding.pump (package:flutter_test/src/binding.dart:1324:27)
#28     WidgetTester.pumpAndSettle.<anonymous closure> (package:flutter_test/src/widget_tester.dart:719:23)
<asynchronous suspension>
#29     TestAsyncUtils.guard.<anonymous closure> (package:flutter_test/src/test_async_utils.dart:130:27)
<asynchronous suspension>
#30     main.<anonymous closure> (file:///D:/study/college/gradution_project/Seasonal-job-matching-platform-/test/screens/home_screen_test.dart:142:5)
<asynchronous suspension>
#31     testWidgets.<anonymous closure>.<anonymous closure> (package:flutter_test/src/widget_tester.dart:192:15)
<asynchronous suspension>
#32     TestWidgetsFlutterBinding._runTestBody (package:flutter_test/src/binding.dart:1059:5)
<asynchronous suspension>
#33     StackZoneSpecification._registerCallback.<anonymous closure> (package:stack_trace/src/stack_zone_specification.dart:114:42)
<asynchronous suspension>
, retrying)
MockRecommendedJobsNotifier build called
RecommendedValue: AsyncLoading<RecommendedJobsResponse>(error: Network Error, stackTrace: #0      MockRecommendedJobsNotifier.build (file:///D:/study/college/gradution_project/Seasonal-job-matching-platform-/test/screens/home_screen_test.dart:161:7)
#1      AsyncNotifier.runBuild (package:riverpod/src/providers/async_notifier/orphan.dart:38:21)
#2      $ClassProviderElement.create (package:riverpod/src/core/provider/notifier_provider.dart:561:26)
#3      ProviderElement.buildState (package:riverpod/src/core/element.dart:665:28)
#4      ProviderElement._performRebuild (package:riverpod/src/core/element.dart:568:7)
#5      ProviderElement.flush (package:riverpod/src/core/element.dart:626:7)
#6      ProviderScheduler._performRefresh (package:riverpod/src/core/scheduler.dart:132:37)
#7      ProviderScheduler._task (package:riverpod/src/core/scheduler.dart:106:5)
#8      Task.call (package:riverpod/src/core/scheduler.dart:14:16)
#9      _UncontrolledProviderScopeState._callTask (package:flutter_riverpod/src/core/provider_scope.dart:292:11)
#10     _UncontrolledProviderScopeState._flutterVsync.<anonymous closure>.<anonymous closure> (package:flutter_riverpod/src/core/provider_scope.dart:324:9)
#11     StackZoneSpecification._run (package:stack_trace/src/stack_zone_specification.dart:207:15)
#12     StackZoneSpecification._registerCallback.<anonymous closure> (package:stack_trace/src/stack_zone_specification.dart:114:48)
#13     _rootRun (dart:async/zone.dart:1517:47)
#14     _CustomZone.run (dart:async/zone.dart:1422:19)
#15     _CustomZone.runGuarded (dart:async/zone.dart:1321:7)
#16     _CustomZone.bindCallbackGuarded.<anonymous closure> (dart:async/zone.dart:1362:23)
#17     _rootRun (dart:async/zone.dart:1525:13)
#18     _CustomZone.run (dart:async/zone.dart:1422:19)
#19     _CustomZone.runGuarded (dart:async/zone.dart:1321:7)
#20     FakeTimer._fire (package:fake_async/fake_async.dart:364:13)
#21     FakeAsync._fireTimersWhile (package:fake_async/fake_async.dart:247:13)
#22     FakeAsync.elapse (package:fake_async/fake_async.dart:141:5)
#23     AutomatedTestWidgetsFlutterBinding.pump.<anonymous closure> (package:flutter_test/src/binding.dart:1328:28)
#24     _rootRun (dart:async/zone.dart:1525:13)
#25     _CustomZone.run (dart:async/zone.dart:1422:19)
#26     TestAsyncUtils.guard (package:flutter_test/src/test_async_utils.dart:74:41)
#27     AutomatedTestWidgetsFlutterBinding.pump (package:flutter_test/src/binding.dart:1324:27)
#28     WidgetTester.pumpAndSettle.<anonymous closure> (package:flutter_test/src/widget_tester.dart:719:23)
<asynchronous suspension>
#29     TestAsyncUtils.guard.<anonymous closure> (package:flutter_test/src/test_async_utils.dart:130:27)
<asynchronous suspension>
#30     main.<anonymous closure> (file:///D:/study/college/gradution_project/Seasonal-job-matching-platform-/test/screens/home_screen_test.dart:142:5)
<asynchronous suspension>
#31     testWidgets.<anonymous closure>.<anonymous closure> (package:flutter_test/src/widget_tester.dart:192:15)
<asynchronous suspension>
#32     TestWidgetsFlutterBinding._runTestBody (package:flutter_test/src/binding.dart:1059:5)
<asynchronous suspension>
#33     StackZoneSpecification._registerCallback.<anonymous closure> (package:stack_trace/src/stack_zone_specification.dart:114:42)
<asynchronous suspension>
, retrying)
MockRecommendedJobsNotifier build called
RecommendedValue: AsyncLoading<RecommendedJobsResponse>(error: Network Error, stackTrace: #0      MockRecommendedJobsNotifier.build (file:///D:/study/college/gradution_project/Seasonal-job-matching-platform-/test/screens/home_screen_test.dart:161:7)
#1      AsyncNotifier.runBuild (package:riverpod/src/providers/async_notifier/orphan.dart:38:21)
#2      $ClassProviderElement.create (package:riverpod/src/core/provider/notifier_provider.dart:561:26)
#3      ProviderElement.buildState (package:riverpod/src/core/element.dart:665:28)
#4      ProviderElement._performRebuild (package:riverpod/src/core/element.dart:568:7)
#5      ProviderElement.flush (package:riverpod/src/core/element.dart:626:7)
#6      ProviderScheduler._performRefresh (package:riverpod/src/core/scheduler.dart:132:37)
#7      ProviderScheduler._task (package:riverpod/src/core/scheduler.dart:106:5)
#8      Task.call (package:riverpod/src/core/scheduler.dart:14:16)
#9      _UncontrolledProviderScopeState._callTask (package:flutter_riverpod/src/core/provider_scope.dart:292:11)
#10     _UncontrolledProviderScopeState._flutterVsync.<anonymous closure>.<anonymous closure> (package:flutter_riverpod/src/core/provider_scope.dart:324:9)
#11     StackZoneSpecification._run (package:stack_trace/src/stack_zone_specification.dart:207:15)
#12     StackZoneSpecification._registerCallback.<anonymous closure> (package:stack_trace/src/stack_zone_specification.dart:114:48)
#13     _rootRun (dart:async/zone.dart:1517:47)
#14     _CustomZone.run (dart:async/zone.dart:1422:19)
#15     _CustomZone.runGuarded (dart:async/zone.dart:1321:7)
#16     _CustomZone.bindCallbackGuarded.<anonymous closure> (dart:async/zone.dart:1362:23)
#17     _rootRun (dart:async/zone.dart:1525:13)
#18     _CustomZone.run (dart:async/zone.dart:1422:19)
#19     _CustomZone.runGuarded (dart:async/zone.dart:1321:7)
#20     FakeTimer._fire (package:fake_async/fake_async.dart:364:13)
#21     FakeAsync._fireTimersWhile (package:fake_async/fake_async.dart:247:13)
#22     FakeAsync.elapse (package:fake_async/fake_async.dart:141:5)
#23     AutomatedTestWidgetsFlutterBinding.pump.<anonymous closure> (package:flutter_test/src/binding.dart:1328:28)
#24     _rootRun (dart:async/zone.dart:1525:13)
#25     _CustomZone.run (dart:async/zone.dart:1422:19)
#26     TestAsyncUtils.guard (package:flutter_test/src/test_async_utils.dart:74:41)
#27     AutomatedTestWidgetsFlutterBinding.pump (package:flutter_test/src/binding.dart:1324:27)
#28     WidgetTester.pumpAndSettle.<anonymous closure> (package:flutter_test/src/widget_tester.dart:719:23)
<asynchronous suspension>
#29     TestAsyncUtils.guard.<anonymous closure> (package:flutter_test/src/test_async_utils.dart:130:27)
<asynchronous suspension>
#30     main.<anonymous closure> (file:///D:/study/college/gradution_project/Seasonal-job-matching-platform-/test/screens/home_screen_test.dart:142:5)
<asynchronous suspension>
#31     testWidgets.<anonymous closure>.<anonymous closure> (package:flutter_test/src/widget_tester.dart:192:15)
<asynchronous suspension>
#32     TestWidgetsFlutterBinding._runTestBody (package:flutter_test/src/binding.dart:1059:5)
<asynchronous suspension>
#33     StackZoneSpecification._registerCallback.<anonymous closure> (package:stack_trace/src/stack_zone_specification.dart:114:42)
<asynchronous suspension>
, retrying)
MockRecommendedJobsNotifier build called
RecommendedValue: AsyncLoading<RecommendedJobsResponse>(error: Network Error, stackTrace: #0      MockRecommendedJobsNotifier.build (file:///D:/study/college/gradution_project/Seasonal-job-matching-platform-/test/screens/home_screen_test.dart:161:7)
#1      AsyncNotifier.runBuild (package:riverpod/src/providers/async_notifier/orphan.dart:38:21)
#2      $ClassProviderElement.create (package:riverpod/src/core/provider/notifier_provider.dart:561:26)
#3      ProviderElement.buildState (package:riverpod/src/core/element.dart:665:28)
#4      ProviderElement._performRebuild (package:riverpod/src/core/element.dart:568:7)
#5      ProviderElement.flush (package:riverpod/src/core/element.dart:626:7)
#6      ProviderScheduler._performRefresh (package:riverpod/src/core/scheduler.dart:132:37)
#7      ProviderScheduler._task (package:riverpod/src/core/scheduler.dart:106:5)
#8      Task.call (package:riverpod/src/core/scheduler.dart:14:16)
#9      _UncontrolledProviderScopeState._callTask (package:flutter_riverpod/src/core/provider_scope.dart:292:11)
#10     _UncontrolledProviderScopeState._flutterVsync.<anonymous closure>.<anonymous closure> (package:flutter_riverpod/src/core/provider_scope.dart:324:9)
#11     StackZoneSpecification._run (package:stack_trace/src/stack_zone_specification.dart:207:15)
#12     StackZoneSpecification._registerCallback.<anonymous closure> (package:stack_trace/src/stack_zone_specification.dart:114:48)
#13     _rootRun (dart:async/zone.dart:1517:47)
#14     _CustomZone.run (dart:async/zone.dart:1422:19)
#15     _CustomZone.runGuarded (dart:async/zone.dart:1321:7)
#16     _CustomZone.bindCallbackGuarded.<anonymous closure> (dart:async/zone.dart:1362:23)
#17     _rootRun (dart:async/zone.dart:1525:13)
#18     _CustomZone.run (dart:async/zone.dart:1422:19)
#19     _CustomZone.runGuarded (dart:async/zone.dart:1321:7)
#20     FakeTimer._fire (package:fake_async/fake_async.dart:364:13)
#21     FakeAsync._fireTimersWhile (package:fake_async/fake_async.dart:247:13)
#22     FakeAsync.elapse (package:fake_async/fake_async.dart:141:5)
#23     AutomatedTestWidgetsFlutterBinding.pump.<anonymous closure> (package:flutter_test/src/binding.dart:1328:28)
#24     _rootRun (dart:async/zone.dart:1525:13)
#25     _CustomZone.run (dart:async/zone.dart:1422:19)
#26     TestAsyncUtils.guard (package:flutter_test/src/test_async_utils.dart:74:41)
#27     AutomatedTestWidgetsFlutterBinding.pump (package:flutter_test/src/binding.dart:1324:27)
#28     WidgetTester.pumpAndSettle.<anonymous closure> (package:flutter_test/src/widget_tester.dart:719:23)
<asynchronous suspension>
#29     TestAsyncUtils.guard.<anonymous closure> (package:flutter_test/src/test_async_utils.dart:130:27)
<asynchronous suspension>
#30     main.<anonymous closure> (file:///D:/study/college/gradution_project/Seasonal-job-matching-platform-/test/screens/home_screen_test.dart:142:5)
<asynchronous suspension>
#31     testWidgets.<anonymous closure>.<anonymous closure> (package:flutter_test/src/widget_tester.dart:192:15)
<asynchronous suspension>
#32     TestWidgetsFlutterBinding._runTestBody (package:flutter_test/src/binding.dart:1059:5)
<asynchronous suspension>
#33     StackZoneSpecification._registerCallback.<anonymous closure> (package:stack_trace/src/stack_zone_specification.dart:114:42)
<asynchronous suspension>
, retrying)
MockRecommendedJobsNotifier build called
RecommendedValue: AsyncLoading<RecommendedJobsResponse>(error: Network Error, stackTrace: #0      MockRecommendedJobsNotifier.build (file:///D:/study/college/gradution_project/Seasonal-job-matching-platform-/test/screens/home_screen_test.dart:161:7)
#1      AsyncNotifier.runBuild (package:riverpod/src/providers/async_notifier/orphan.dart:38:21)
#2      $ClassProviderElement.create (package:riverpod/src/core/provider/notifier_provider.dart:561:26)
#3      ProviderElement.buildState (package:riverpod/src/core/element.dart:665:28)
#4      ProviderElement._performRebuild (package:riverpod/src/core/element.dart:568:7)
#5      ProviderElement.flush (package:riverpod/src/core/element.dart:626:7)
#6      ProviderScheduler._performRefresh (package:riverpod/src/core/scheduler.dart:132:37)
#7      ProviderScheduler._task (package:riverpod/src/core/scheduler.dart:106:5)
#8      Task.call (package:riverpod/src/core/scheduler.dart:14:16)
#9      _UncontrolledProviderScopeState._callTask (package:flutter_riverpod/src/core/provider_scope.dart:292:11)
#10     _UncontrolledProviderScopeState._flutterVsync.<anonymous closure>.<anonymous closure> (package:flutter_riverpod/src/core/provider_scope.dart:324:9)
#11     StackZoneSpecification._run (package:stack_trace/src/stack_zone_specification.dart:207:15)
#12     StackZoneSpecification._registerCallback.<anonymous closure> (package:stack_trace/src/stack_zone_specification.dart:114:48)
#13     _rootRun (dart:async/zone.dart:1517:47)
#14     _CustomZone.run (dart:async/zone.dart:1422:19)
#15     _CustomZone.runGuarded (dart:async/zone.dart:1321:7)
#16     _CustomZone.bindCallbackGuarded.<anonymous closure> (dart:async/zone.dart:1362:23)
#17     _rootRun (dart:async/zone.dart:1525:13)
#18     _CustomZone.run (dart:async/zone.dart:1422:19)
#19     _CustomZone.runGuarded (dart:async/zone.dart:1321:7)
#20     FakeTimer._fire (package:fake_async/fake_async.dart:364:13)
#21     FakeAsync._fireTimersWhile (package:fake_async/fake_async.dart:247:13)
#22     FakeAsync.elapse (package:fake_async/fake_async.dart:141:5)
#23     AutomatedTestWidgetsFlutterBinding.pump.<anonymous closure> (package:flutter_test/src/binding.dart:1328:28)
#24     _rootRun (dart:async/zone.dart:1525:13)
#25     _CustomZone.run (dart:async/zone.dart:1422:19)
#26     TestAsyncUtils.guard (package:flutter_test/src/test_async_utils.dart:74:41)
#27     AutomatedTestWidgetsFlutterBinding.pump (package:flutter_test/src/binding.dart:1324:27)
#28     WidgetTester.pumpAndSettle.<anonymous closure> (package:flutter_test/src/widget_tester.dart:719:23)
<asynchronous suspension>
#29     TestAsyncUtils.guard.<anonymous closure> (package:flutter_test/src/test_async_utils.dart:130:27)
<asynchronous suspension>
#30     main.<anonymous closure> (file:///D:/study/college/gradution_project/Seasonal-job-matching-platform-/test/screens/home_screen_test.dart:142:5)
<asynchronous suspension>
#31     testWidgets.<anonymous closure>.<anonymous closure> (package:flutter_test/src/widget_tester.dart:192:15)
<asynchronous suspension>
#32     TestWidgetsFlutterBinding._runTestBody (package:flutter_test/src/binding.dart:1059:5)
<asynchronous suspension>
#33     StackZoneSpecification._registerCallback.<anonymous closure> (package:stack_trace/src/stack_zone_specification.dart:114:42)
<asynchronous suspension>
, retrying)
MockRecommendedJobsNotifier build called
RecommendedValue: AsyncLoading<RecommendedJobsResponse>(error: Network Error, stackTrace: #0      MockRecommendedJobsNotifier.build (file:///D:/study/college/gradution_project/Seasonal-job-matching-platform-/test/screens/home_screen_test.dart:161:7)
#1      AsyncNotifier.runBuild (package:riverpod/src/providers/async_notifier/orphan.dart:38:21)
#2      $ClassProviderElement.create (package:riverpod/src/core/provider/notifier_provider.dart:561:26)
#3      ProviderElement.buildState (package:riverpod/src/core/element.dart:665:28)
#4      ProviderElement._performRebuild (package:riverpod/src/core/element.dart:568:7)
#5      ProviderElement.flush (package:riverpod/src/core/element.dart:626:7)
#6      ProviderScheduler._performRefresh (package:riverpod/src/core/scheduler.dart:132:37)
#7      ProviderScheduler._task (package:riverpod/src/core/scheduler.dart:106:5)
#8      Task.call (package:riverpod/src/core/scheduler.dart:14:16)
#9      _UncontrolledProviderScopeState._callTask (package:flutter_riverpod/src/core/provider_scope.dart:292:11)
#10     _UncontrolledProviderScopeState._flutterVsync.<anonymous closure>.<anonymous closure> (package:flutter_riverpod/src/core/provider_scope.dart:324:9)
#11     StackZoneSpecification._run (package:stack_trace/src/stack_zone_specification.dart:207:15)
#12     StackZoneSpecification._registerCallback.<anonymous closure> (package:stack_trace/src/stack_zone_specification.dart:114:48)
#13     _rootRun (dart:async/zone.dart:1517:47)
#14     _CustomZone.run (dart:async/zone.dart:1422:19)
#15     _CustomZone.runGuarded (dart:async/zone.dart:1321:7)
#16     _CustomZone.bindCallbackGuarded.<anonymous closure> (dart:async/zone.dart:1362:23)
#17     _rootRun (dart:async/zone.dart:1525:13)
#18     _CustomZone.run (dart:async/zone.dart:1422:19)
#19     _CustomZone.runGuarded (dart:async/zone.dart:1321:7)
#20     FakeTimer._fire (package:fake_async/fake_async.dart:364:13)
#21     FakeAsync._fireTimersWhile (package:fake_async/fake_async.dart:247:13)
#22     FakeAsync.elapse (package:fake_async/fake_async.dart:141:5)
#23     AutomatedTestWidgetsFlutterBinding.pump.<anonymous closure> (package:flutter_test/src/binding.dart:1328:28)
#24     _rootRun (dart:async/zone.dart:1525:13)
#25     _CustomZone.run (dart:async/zone.dart:1422:19)
#26     TestAsyncUtils.guard (package:flutter_test/src/test_async_utils.dart:74:41)
#27     AutomatedTestWidgetsFlutterBinding.pump (package:flutter_test/src/binding.dart:1324:27)
#28     WidgetTester.pumpAndSettle.<anonymous closure> (package:flutter_test/src/widget_tester.dart:719:23)
<asynchronous suspension>
#29     TestAsyncUtils.guard.<anonymous closure> (package:flutter_test/src/test_async_utils.dart:130:27)
<asynchronous suspension>
#30     main.<anonymous closure> (file:///D:/study/college/gradution_project/Seasonal-job-matching-platform-/test/screens/home_screen_test.dart:142:5)
<asynchronous suspension>
#31     testWidgets.<anonymous closure>.<anonymous closure> (package:flutter_test/src/widget_tester.dart:192:15)
<asynchronous suspension>
#32     TestWidgetsFlutterBinding._runTestBody (package:flutter_test/src/binding.dart:1059:5)
<asynchronous suspension>
#33     StackZoneSpecification._registerCallback.<anonymous closure> (package:stack_trace/src/stack_zone_specification.dart:114:42)
<asynchronous suspension>
, retrying)
MockRecommendedJobsNotifier build called
RecommendedValue: AsyncError<RecommendedJobsResponse>(error: Network Error, stackTrace: #0      MockRecommendedJobsNotifier.build (file:///D:/study/college/gradution_project/Seasonal-job-matching-platform-/test/screens/home_screen_test.dart:161:7)
#1      AsyncNotifier.runBuild (package:riverpod/src/providers/async_notifier/orphan.dart:38:21)
#2      $ClassProviderElement.create (package:riverpod/src/core/provider/notifier_provider.dart:561:26)
#3      ProviderElement.buildState (package:riverpod/src/core/element.dart:665:28)
#4      ProviderElement._performRebuild (package:riverpod/src/core/element.dart:568:7)
#5      ProviderElement.flush (package:riverpod/src/core/element.dart:626:7)
#6      ProviderScheduler._performRefresh (package:riverpod/src/core/scheduler.dart:132:37)
#7      ProviderScheduler._task (package:riverpod/src/core/scheduler.dart:106:5)
#8      Task.call (package:riverpod/src/core/scheduler.dart:14:16)
#9      _UncontrolledProviderScopeState._callTask (package:flutter_riverpod/src/core/provider_scope.dart:292:11)
#10     _UncontrolledProviderScopeState._flutterVsync.<anonymous closure>.<anonymous closure> (package:flutter_riverpod/src/core/provider_scope.dart:324:9)
#11     StackZoneSpecification._run (package:stack_trace/src/stack_zone_specification.dart:207:15)
#12     StackZoneSpecification._registerCallback.<anonymous closure> (package:stack_trace/src/stack_zone_specification.dart:114:48)
#13     _rootRun (dart:async/zone.dart:1517:47)
#14     _CustomZone.run (dart:async/zone.dart:1422:19)
#15     _CustomZone.runGuarded (dart:async/zone.dart:1321:7)
#16     _CustomZone.bindCallbackGuarded.<anonymous closure> (dart:async/zone.dart:1362:23)
#17     _rootRun (dart:async/zone.dart:1525:13)
#18     _CustomZone.run (dart:async/zone.dart:1422:19)
#19     _CustomZone.runGuarded (dart:async/zone.dart:1321:7)
#20     FakeTimer._fire (package:fake_async/fake_async.dart:364:13)
#21     FakeAsync._fireTimersWhile (package:fake_async/fake_async.dart:247:13)
#22     FakeAsync.elapse (package:fake_async/fake_async.dart:141:5)
#23     AutomatedTestWidgetsFlutterBinding.pump.<anonymous closure> (package:flutter_test/src/binding.dart:1328:28)
#24     _rootRun (dart:async/zone.dart:1525:13)
#25     _CustomZone.run (dart:async/zone.dart:1422:19)
#26     TestAsyncUtils.guard (package:flutter_test/src/test_async_utils.dart:74:41)
#27     AutomatedTestWidgetsFlutterBinding.pump (package:flutter_test/src/binding.dart:1324:27)
#28     WidgetTester.pumpAndSettle.<anonymous closure> (package:flutter_test/src/widget_tester.dart:719:23)
<asynchronous suspension>
#29     TestAsyncUtils.guard.<anonymous closure> (package:flutter_test/src/test_async_utils.dart:130:27)
<asynchronous suspension>
#30     main.<anonymous closure> (file:///D:/study/college/gradution_project/Seasonal-job-matching-platform-/test/screens/home_screen_test.dart:142:5)
<asynchronous suspension>
#31     testWidgets.<anonymous closure>.<anonymous closure> (package:flutter_test/src/widget_tester.dart:192:15)
<asynchronous suspension>
#32     TestWidgetsFlutterBinding._runTestBody (package:flutter_test/src/binding.dart:1059:5)
<asynchronous suspension>
#33     StackZoneSpecification._registerCallback.<anonymous closure> (package:stack_trace/src/stack_zone_specification.dart:114:42)
<asynchronous suspension>
)
00:03 +3 -1: Some tests failed.
